Archive member included to satisfy reference by file (symbol)

libch32_sdk.a(ch32v30x_gpio.c.obj)
                              CMakeFiles/Programmator.elf.dir/Project/Programmator/ssd1306/i2c_tx.c.obj (GPIO_Init)
libch32_sdk.a(ch32v30x_i2c.c.obj)
                              CMakeFiles/Programmator.elf.dir/Project/Programmator/ssd1306/i2c_tx.c.obj (I2C_Init)
libch32_sdk.a(ch32v30x_rcc.c.obj)
                              libch32_sdk.a(ch32v30x_i2c.c.obj) (RCC_GetClocksFreq)
libch32_sdk.a(system_ch32v30x.c.obj)
                              CMakeFiles/Programmator.elf.dir/Project/Programmator/main.c.obj (SystemInit)
libch32_sdk.a(debug.c.obj)    CMakeFiles/Programmator.elf.dir/Project/Programmator/main.c.obj (Delay_Init)
libch32_sdk.a(startup_ch32v30x_D8C.S.obj)
                              (_start)
libch32_sdk.a(ch32v30x_usart.c.obj)
                              libch32_sdk.a(debug.c.obj) (USART_Init)
/home/blank/Engineering/MCU/WCH_1/toolchain/riscv32/bin/../lib/gcc/riscv32-wch-elf/15.2.0/rv32imac_zaamo_zalrsc_xw/ilp32/libgcc.a(save-restore.o)
                              CMakeFiles/Programmator.elf.dir/Project/Programmator/ssd1306/oled_segment.c.obj (__riscv_save_12)
/home/blank/Engineering/MCU/WCH_1/toolchain/riscv32/bin/../lib/gcc/riscv32-wch-elf/15.2.0/../../../../riscv32-wch-elf/lib/rv32imac_zaamo_zalrsc_xw/ilp32/libc_nano.a(libc_a-atexit.o)
                              libch32_sdk.a(startup_ch32v30x_D8C.S.obj) (atexit)
/home/blank/Engineering/MCU/WCH_1/toolchain/riscv32/bin/../lib/gcc/riscv32-wch-elf/15.2.0/../../../../riscv32-wch-elf/lib/rv32imac_zaamo_zalrsc_xw/ilp32/libc_nano.a(libc_a-printf.o)
                              CMakeFiles/Programmator.elf.dir/Project/Programmator/main.c.obj (printf)
/home/blank/Engineering/MCU/WCH_1/toolchain/riscv32/bin/../lib/gcc/riscv32-wch-elf/15.2.0/../../../../riscv32-wch-elf/lib/rv32imac_zaamo_zalrsc_xw/ilp32/libc_nano.a(libc_a-impure.o)
                              /home/blank/Engineering/MCU/WCH_1/toolchain/riscv32/bin/../lib/gcc/riscv32-wch-elf/15.2.0/../../../../riscv32-wch-elf/lib/rv32imac_zaamo_zalrsc_xw/ilp32/libc_nano.a(libc_a-printf.o) (_impure_ptr)
/home/blank/Engineering/MCU/WCH_1/toolchain/riscv32/bin/../lib/gcc/riscv32-wch-elf/15.2.0/../../../../riscv32-wch-elf/lib/rv32imac_zaamo_zalrsc_xw/ilp32/libc_nano.a(libc_a-init.o)
                              libch32_sdk.a(startup_ch32v30x_D8C.S.obj) (__libc_init_array)
/home/blank/Engineering/MCU/WCH_1/toolchain/riscv32/bin/../lib/gcc/riscv32-wch-elf/15.2.0/../../../../riscv32-wch-elf/lib/rv32imac_zaamo_zalrsc_xw/ilp32/libc_nano.a(libc_a-fini.o)
                              libch32_sdk.a(startup_ch32v30x_D8C.S.obj) (__libc_fini_array)
/home/blank/Engineering/MCU/WCH_1/toolchain/riscv32/bin/../lib/gcc/riscv32-wch-elf/15.2.0/../../../../riscv32-wch-elf/lib/rv32imac_zaamo_zalrsc_xw/ilp32/libc_nano.a(libc_a-memcpy-asm.o)
                              CMakeFiles/Programmator.elf.dir/Project/Programmator/ssd1306/i2c_tx.c.obj (memcpy)
/home/blank/Engineering/MCU/WCH_1/toolchain/riscv32/bin/../lib/gcc/riscv32-wch-elf/15.2.0/../../../../riscv32-wch-elf/lib/rv32imac_zaamo_zalrsc_xw/ilp32/libc_nano.a(libc_a-__atexit.o)
                              /home/blank/Engineering/MCU/WCH_1/toolchain/riscv32/bin/../lib/gcc/riscv32-wch-elf/15.2.0/../../../../riscv32-wch-elf/lib/rv32imac_zaamo_zalrsc_xw/ilp32/libc_nano.a(libc_a-atexit.o) (__register_exitproc)
/home/blank/Engineering/MCU/WCH_1/toolchain/riscv32/bin/../lib/gcc/riscv32-wch-elf/15.2.0/../../../../riscv32-wch-elf/lib/rv32imac_zaamo_zalrsc_xw/ilp32/libc_nano.a(libc_a-__call_atexit.o)
                              /home/blank/Engineering/MCU/WCH_1/toolchain/riscv32/bin/../lib/gcc/riscv32-wch-elf/15.2.0/../../../../riscv32-wch-elf/lib/rv32imac_zaamo_zalrsc_xw/ilp32/libc_nano.a(libc_a-__atexit.o) (__call_exitprocs)
/home/blank/Engineering/MCU/WCH_1/toolchain/riscv32/bin/../lib/gcc/riscv32-wch-elf/15.2.0/../../../../riscv32-wch-elf/lib/rv32imac_zaamo_zalrsc_xw/ilp32/libc_nano.a(libc_a-nano-vfprintf.o)
                              /home/blank/Engineering/MCU/WCH_1/toolchain/riscv32/bin/../lib/gcc/riscv32-wch-elf/15.2.0/../../../../riscv32-wch-elf/lib/rv32imac_zaamo_zalrsc_xw/ilp32/libc_nano.a(libc_a-printf.o) (_vfprintf_r)
/home/blank/Engineering/MCU/WCH_1/toolchain/riscv32/bin/../lib/gcc/riscv32-wch-elf/15.2.0/../../../../riscv32-wch-elf/lib/rv32imac_zaamo_zalrsc_xw/ilp32/libc_nano.a(libc_a-nano-vfprintf_i.o)
                              /home/blank/Engineering/MCU/WCH_1/toolchain/riscv32/bin/../lib/gcc/riscv32-wch-elf/15.2.0/../../../../riscv32-wch-elf/lib/rv32imac_zaamo_zalrsc_xw/ilp32/libc_nano.a(libc_a-nano-vfprintf.o) (_printf_i)
/home/blank/Engineering/MCU/WCH_1/toolchain/riscv32/bin/../lib/gcc/riscv32-wch-elf/15.2.0/../../../../riscv32-wch-elf/lib/rv32imac_zaamo_zalrsc_xw/ilp32/libc_nano.a(libc_a-findfp.o)
[...]
Memory Configuration

Name             Origin             Length             Attributes
FLASH            0x00000000         0x00048000         xr
RAM              0x20000000         0x00008000         xrw
*default*        0x00000000         0xffffffff

Linker script and memory map

LOAD CMakeFiles/Programmator.elf.dir/Project/Programmator/main.c.obj
LOAD CMakeFiles/Programmator.elf.dir/Project/Programmator/ssd1306/oled_segment.c.obj
LOAD CMakeFiles/Programmator.elf.dir/Project/Programmator/ssd1306/i2c_tx.c.obj
LOAD libch32_sdk.a
LOAD /home/blank/Engineering/MCU/WCH_1/toolchain/riscv32/bin/../lib/gcc/riscv32-wch-elf/15.2.0/rv32imac_zaamo_zalrsc_xw/ilp32/libgcc.a
LOAD /home/blank/Engineering/MCU/WCH_1/toolchain/riscv32/bin/../lib/gcc/riscv32-wch-elf/15.2.0/../../../../riscv32-wch-elf/lib/rv32imac_zaamo_zalrsc_xw/ilp32/libc_nano.a
LOAD /home/blank/Engineering/MCU/WCH_1/toolchain/riscv32/bin/../lib/gcc/riscv32-wch-elf/15.2.0/rv32imac_zaamo_zalrsc_xw/ilp32/libgcc.a
START GROUP
LOAD /home/blank/Engineering/MCU/WCH_1/toolchain/riscv32/bin/../lib/gcc/riscv32-wch-elf/15.2.0/rv32imac_zaamo_zalrsc_xw/ilp32/libgcc.a
LOAD /home/blank/Engineering/MCU/WCH_1/toolchain/riscv32/bin/../lib/gcc/riscv32-wch-elf/15.2.0/../../../../riscv32-wch-elf/lib/rv32imac_zaamo_zalrsc_xw/ilp32/libc_nano.a
LOAD /home/blank/Engineering/MCU/WCH_1/toolchain/riscv32/bin/../lib/gcc/riscv32-wch-elf/15.2.0/../../../../riscv32-wch-elf/lib/rv32imac_zaamo_zalrsc_xw/ilp32/libnosys.a
END GROUP
START GROUP
LOAD /home/blank/Engineering/MCU/WCH_1/toolchain/riscv32/bin/../lib/gcc/riscv32-wch-elf/15.2.0/rv32imac_zaamo_zalrsc_xw/ilp32/libgcc.a
LOAD /home/blank/Engineering/MCU/WCH_1/toolchain/riscv32/bin/../lib/gcc/riscv32-wch-elf/15.2.0/../../../../riscv32-wch-elf/lib/rv32imac_zaamo_zalrsc_xw/ilp32/libc_nano.a
LOAD /home/blank/Engineering/MCU/WCH_1/toolchain/riscv32/bin/../lib/gcc/riscv32-wch-elf/15.2.0/../../../../riscv32-wch-elf/lib/rv32imac_zaamo_zalrsc_xw/ilp32/libnosys.a
END GROUP
                0x00000800                        __stack_size = 0x800
                [!provide]                        PROVIDE (_stack_size = __stack_size)

.init           0x00000000       0x38
                0x00000000                        _sinit = .
                0x00000000                        . = ALIGN (0x4)
 *(SORT_NONE(.init))
 .init          0x00000000       0x38 libch32_sdk.a(startup_ch32v30x_D8C.S.obj)
                0x00000000                _start
                0x00000038                        . = ALIGN (0x4)
                0x00000038                        _einit = .

.vector         0x00000038      0x1c8
 *(.vector)
 .vector        0x00000038      0x1a0 libch32_sdk.a(startup_ch32v30x_D8C.S.obj)
                0x00000200                        . = ALIGN (0x40)
 *fill*         0x000001d8       0x28 

.text           0x00000200     0x2068
                0x00000200                        . = ALIGN (0x4)
 *(.text)
 .text          0x00000200       0x68 /home/blank/Engineering/MCU/WCH_1/toolchain/riscv32/bin/../lib/gcc/riscv32-wch-elf/15.2.0/rv32imac_zaamo_zalrsc_xw/ilp32/libgcc.a(save-restore.o)
                0x00000200                __riscv_save_12
                0x00000208                __riscv_save_8
                0x00000208                __riscv_save_11
                0x00000208                __riscv_save_9
                0x00000208                __riscv_save_10
                0x00000218                __riscv_save_7
                0x00000218                __riscv_save_4
                0x00000218                __riscv_save_6
                0x00000218                __riscv_save_5
                0x00000234                __riscv_save_1
                0x00000234                __riscv_save_3
                0x00000234                __riscv_save_2
                0x00000234                __riscv_save_0
                0x00000240                __riscv_restore_12
                0x00000244                __riscv_restore_10
                0x00000244                __riscv_restore_11
                0x00000244                __riscv_restore_8
                0x00000244                __riscv_restore_9
                0x00000250                __riscv_restore_5
                0x00000250                __riscv_restore_6
                0x00000250                __riscv_restore_4
                0x00000250                __riscv_restore_7
                0x0000025c                __riscv_restore_3
                0x0000025c                __riscv_restore_2
                0x0000025c                __riscv_restore_0
                0x0000025c                __riscv_restore_1
 .text          0x00000268       0x16 /home/blank/Engineering/MCU/WCH_1/toolchain/riscv32/bin/../lib/gcc/riscv32-wch-elf/15.2.0/../../../../riscv32-wch-elf/lib/rv32imac_zaamo_zalrsc_xw/ilp32/libc_nano.a(libc_a-memcpy-asm.o)
                0x00000268                memcpy
 .text          0x0000027e       0x10 /home/blank/Engineering/MCU/WCH_1/toolchain/riscv32/bin/../lib/gcc/riscv32-wch-elf/15.2.0/../../../../riscv32-wch-elf/lib/rv32imac_zaamo_zalrsc_xw/ilp32/libc_nano.a(libc_a-memset.o)
                0x0000027e                memset
 *(.text.*)
 .text.startup.main
                0x0000028e       0x4e CMakeFiles/Programmator.elf.dir/Project/Programmator/main.c.obj
                0x0000028e                main
 .text.OLED_setline
                0x000002dc       0x26 CMakeFiles/Programmator.elf.dir/Project/Programmator/ssd1306/oled_segment.c.obj
                0x000002dc                OLED_setline
 .text.OLED_clearline
                0x00000302       0x3c CMakeFiles/Programmator.elf.dir/Project/Programmator/ssd1306/oled_segment.c.obj
                0x00000302                OLED_clearline
 .text.OLED_scrollDisplay
                0x0000033e       0x36 CMakeFiles/Programmator.elf.dir/Project/Programmator/ssd1306/oled_segment.c.obj
                0x0000033e                OLED_scrollDisplay
 .text.OLED_plotChar
                0x00000374       0x82 CMakeFiles/Programmator.elf.dir/Project/Programmator/ssd1306/oled_segment.c.obj
                0x00000374                OLED_plotChar
 .text.OLED_write
                0x000003f6       0xc2 CMakeFiles/Programmator.elf.dir/Project/Programmator/ssd1306/oled_segment.c.obj
                0x000003f6                OLED_write
 .text.OLED_printS
                0x000004b8       0x1c CMakeFiles/Programmator.elf.dir/Project/Programmator/ssd1306/oled_segment.c.obj
                0x000004b8                OLED_printS
 .text.OLED_print
                0x000004d4        0x4 CMakeFiles/Programmator.elf.dir/Project/Programmator/ssd1306/oled_segment.c.obj
                0x000004d4                OLED_print
 .text.OLED_setpos
                0x000004d8       0x3a CMakeFiles/Programmator.elf.dir/Project/Programmator/ssd1306/oled_segment.c.obj
                0x000004d8                OLED_setpos
 .text.OLED_clear
                0x00000512       0x34 CMakeFiles/Programmator.elf.dir/Project/Programmator/ssd1306/oled_segment.c.obj
                0x00000512                OLED_clear
 .text.OLED_init
                0x00000546       0x3a CMakeFiles/Programmator.elf.dir/Project/Programmator/ssd1306/oled_segment.c.obj
                0x00000546                OLED_init
 .text.I2C_init
                0x00000580       0x6a CMakeFiles/Programmator.elf.dir/Project/Programmator/ssd1306/i2c_tx.c.obj
                0x00000580                I2C_init
 .text.I2C_start
                0x000005ea       0x44 CMakeFiles/Programmator.elf.dir/Project/Programmator/ssd1306/i2c_tx.c.obj
                0x000005ea                I2C_start
 .text.I2C_write
                0x0000062e       0x14 CMakeFiles/Programmator.elf.dir/Project/Programmator/ssd1306/i2c_tx.c.obj
                0x0000062e                I2C_write
 .text.I2C_stop
                0x00000642       0x18 CMakeFiles/Programmator.elf.dir/Project/Programmator/ssd1306/i2c_tx.c.obj
                0x00000642                I2C_stop
 .text.GPIO_Init
                0x0000065a       0xc0 libch32_sdk.a(ch32v30x_gpio.c.obj)
                0x0000065a                GPIO_Init
 .text.GPIO_SetBits
                0x0000071a        0x4 libch32_sdk.a(ch32v30x_gpio.c.obj)
                0x0000071a                GPIO_SetBits
 .text.GPIO_PinRemapConfig
                0x0000071e       0xa8 libch32_sdk.a(ch32v30x_gpio.c.obj)
                0x0000071e                GPIO_PinRemapConfig
 .text.I2C_Init
                0x000007c6       0xca libch32_sdk.a(ch32v30x_i2c.c.obj)
                0x000007c6                I2C_Init
 .text.I2C_Cmd  0x00000890       0x14 libch32_sdk.a(ch32v30x_i2c.c.obj)
                0x00000890                I2C_Cmd
 .text.RCC_GetClocksFreq
                0x000008a4      0x152 libch32_sdk.a(ch32v30x_rcc.c.obj)
                0x000008a4                RCC_GetClocksFreq
 .text.RCC_APB2PeriphClockCmd
                0x000009f6       0x18 libch32_sdk.a(ch32v30x_rcc.c.obj)
                0x000009f6                RCC_APB2PeriphClockCmd
 .text.RCC_APB1PeriphClockCmd
                0x00000a0e       0x18 libch32_sdk.a(ch32v30x_rcc.c.obj)
                0x00000a0e                RCC_APB1PeriphClockCmd
 .text.SystemInit
                0x00000a26       0xf0 libch32_sdk.a(system_ch32v30x.c.obj)
                0x00000a26                SystemInit
 .text.SystemCoreClockUpdate
                0x00000b16       0xa6 libch32_sdk.a(system_ch32v30x.c.obj)
                0x00000b16                SystemCoreClockUpdate
 .text.Delay_Init
                0x00000bbc       0x2a libch32_sdk.a(debug.c.obj)
                0x00000bbc                Delay_Init
 .text.Delay_Ms
                0x00000be6       0x36 libch32_sdk.a(debug.c.obj)
                0x00000be6                Delay_Ms
 .text.USART_Printf_Init
                0x00000c1c       0x58 libch32_sdk.a(debug.c.obj)
                0x00000c1c                USART_Printf_Init
 .text._write   0x00000c74       0x3e libch32_sdk.a(debug.c.obj)
                0x00000c74                _write
 .text._sbrk    0x00000cb2       0x2e libch32_sdk.a(debug.c.obj)
                0x00000cb2                _sbrk
 .text._fini    0x00000ce0        0x2 libch32_sdk.a(debug.c.obj)
                0x00000ce0                _fini
 .text._init    0x00000ce2        0x2 libch32_sdk.a(debug.c.obj)
                0x00000ce2                _init
 .text.vector_handler
                0x00000ce4       0xbe libch32_sdk.a(startup_ch32v30x_D8C.S.obj)
                0x00000ce4                NMI_Handler
                0x00000ce6                HardFault_Handler
                0x00000ce8                Ecall_M_Mode_Handler
                0x00000cea                Ecall_U_Mode_Handler
                0x00000cec                Break_Point_Handler
                0x00000cee                SysTick_Handler
                0x00000cf0                SW_Handler
                0x00000cf2                WWDG_IRQHandler
                0x00000cf4                PVD_IRQHandler
                0x00000cf6                TAMPER_IRQHandler
                0x00000cf8                RTC_IRQHandler
                0x00000cfa                FLASH_IRQHandler
                0x00000cfc                RCC_IRQHandler
                0x00000cfe                EXTI0_IRQHandler
                0x00000d00                EXTI1_IRQHandler
                0x00000d02                EXTI2_IRQHandler
                0x00000d04                EXTI3_IRQHandler
                0x00000d06                EXTI4_IRQHandler
                0x00000d08                DMA1_Channel1_IRQHandler
                0x00000d0a                DMA1_Channel2_IRQHandler
                0x00000d0c                DMA1_Channel3_IRQHandler
                0x00000d0e                DMA1_Channel4_IRQHandler
                0x00000d10                DMA1_Channel5_IRQHandler
                0x00000d12                DMA1_Channel6_IRQHandler
                0x00000d14                DMA1_Channel7_IRQHandler
                0x00000d16                ADC1_2_IRQHandler
                0x00000d18                USB_HP_CAN1_TX_IRQHandler
                0x00000d1a                USB_LP_CAN1_RX0_IRQHandler
                0x00000d1c                CAN1_RX1_IRQHandler
                0x00000d1e                CAN1_SCE_IRQHandler
                0x00000d20                EXTI9_5_IRQHandler
                0x00000d22                TIM1_BRK_IRQHandler
                0x00000d24                TIM1_UP_IRQHandler
                0x00000d26                TIM1_TRG_COM_IRQHandler
                0x00000d28                TIM1_CC_IRQHandler
                0x00000d2a                TIM2_IRQHandler
                0x00000d2c                TIM3_IRQHandler
                0x00000d2e                TIM4_IRQHandler
                0x00000d30                I2C1_EV_IRQHandler
                0x00000d32                I2C1_ER_IRQHandler
                0x00000d34                I2C2_EV_IRQHandler
                0x00000d36                I2C2_ER_IRQHandler
                0x00000d38                SPI1_IRQHandler
                0x00000d3a                SPI2_IRQHandler
                0x00000d3c                USART1_IRQHandler
                0x00000d3e                USART2_IRQHandler
                0x00000d40                USART3_IRQHandler
                0x00000d42                EXTI15_10_IRQHandler
                0x00000d44                RTCAlarm_IRQHandler
                0x00000d46                USBWakeUp_IRQHandler
                0x00000d48                TIM8_BRK_IRQHandler
                0x00000d4a                TIM8_UP_IRQHandler
                0x00000d4c                TIM8_TRG_COM_IRQHandler
                0x00000d4e                TIM8_CC_IRQHandler
                0x00000d50                RNG_IRQHandler
                0x00000d52                FSMC_IRQHandler
                0x00000d54                SDIO_IRQHandler
                0x00000d56                TIM5_IRQHandler
                0x00000d58                SPI3_IRQHandler
                0x00000d5a                UART4_IRQHandler
                0x00000d5c                UART5_IRQHandler
                0x00000d5e                TIM6_IRQHandler
                0x00000d60                TIM7_IRQHandler
                0x00000d62                DMA2_Channel1_IRQHandler
                0x00000d64                DMA2_Channel2_IRQHandler
                0x00000d66                DMA2_Channel3_IRQHandler
                0x00000d68                DMA2_Channel4_IRQHandler
                0x00000d6a                DMA2_Channel5_IRQHandler
                0x00000d6c                ETH_IRQHandler
                0x00000d6e                ETH_WKUP_IRQHandler
                0x00000d70                CAN2_TX_IRQHandler
                0x00000d72                CAN2_RX0_IRQHandler
                0x00000d74                CAN2_RX1_IRQHandler
                0x00000d76                CAN2_SCE_IRQHandler
                0x00000d78                OTG_FS_IRQHandler
                0x00000d7a                USBHSWakeup_IRQHandler
                0x00000d7c                USBHS_IRQHandler
                0x00000d7e                DVP_IRQHandler
                0x00000d80                UART6_IRQHandler
                0x00000d82                UART7_IRQHandler
                0x00000d84                UART8_IRQHandler
                0x00000d86                TIM9_BRK_IRQHandler
                0x00000d88                TIM9_UP_IRQHandler
                0x00000d8a                TIM9_TRG_COM_IRQHandler
                0x00000d8c                TIM9_CC_IRQHandler
                0x00000d8e                TIM10_BRK_IRQHandler
                0x00000d90                TIM10_UP_IRQHandler
                0x00000d92                TIM10_TRG_COM_IRQHandler
                0x00000d94                TIM10_CC_IRQHandler
                0x00000d96                DMA2_Channel6_IRQHandler
                0x00000d98                DMA2_Channel7_IRQHandler
                0x00000d9a                DMA2_Channel8_IRQHandler
                0x00000d9c                DMA2_Channel9_IRQHandler
                0x00000d9e                DMA2_Channel10_IRQHandler
                0x00000da0                DMA2_Channel11_IRQHandler
 .text.handle_reset
                0x00000da2       0x9c libch32_sdk.a(startup_ch32v30x_D8C.S.obj)
                0x00000da2                handle_reset
 .text.USART_Init
                0x00000e3e       0xae libch32_sdk.a(ch32v30x_usart.c.obj)
                0x00000e3e                USART_Init
 .text.USART_Cmd
                0x00000eec       0x14 libch32_sdk.a(ch32v30x_usart.c.obj)
                0x00000eec                USART_Cmd
 .text.USART_SendData
                0x00000f00        0x8 libch32_sdk.a(ch32v30x_usart.c.obj)
                0x00000f00                USART_SendData
 .text.USART_GetFlagStatus
                0x00000f08        0xa libch32_sdk.a(ch32v30x_usart.c.obj)
                0x00000f08                USART_GetFlagStatus
 .text.atexit   0x00000f12        0xa /home/blank/Engineering/MCU/WCH_1/toolchain/riscv32/bin/../lib/gcc/riscv32-wch-elf/15.2.0/../../../../riscv32-wch-elf/lib/rv32imac_zaamo_zalrsc_xw/ilp32/libc_nano.a(libc_a-atexit.o)
                0x00000f12                atexit
 .text.printf   0x00000f1c       0x28 /home/blank/Engineering/MCU/WCH_1/toolchain/riscv32/bin/../lib/gcc/riscv32-wch-elf/15.2.0/../../../../riscv32-wch-elf/lib/rv32imac_zaamo_zalrsc_xw/ilp32/libc_nano.a(libc_a-printf.o)
                0x00000f1c                printf
                0x00000f1c                iprintf
 .text.__libc_init_array
                0x00000f44       0x56 /home/blank/Engineering/MCU/WCH_1/toolchain/riscv32/bin/../lib/gcc/riscv32-wch-elf/15.2.0/../../../../riscv32-wch-elf/lib/rv32imac_zaamo_zalrsc_xw/ilp32/libc_nano.a(libc_a-init.o)
                0x00000f44                __libc_init_array
 .text.__libc_fini_array
                0x00000f9a       0x32 /home/blank/Engineering/MCU/WCH_1/toolchain/riscv32/bin/../lib/gcc/riscv32-wch-elf/15.2.0/../../../../riscv32-wch-elf/lib/rv32imac_zaamo_zalrsc_xw/ilp32/libc_nano.a(libc_a-fini.o)
                0x00000f9a                __libc_fini_array
 .text.__register_exitproc
                0x00000fcc       0x74 /home/blank/Engineering/MCU/WCH_1/toolchain/riscv32/bin/../lib/gcc/riscv32-wch-elf/15.2.0/../../../../riscv32-wch-elf/lib/rv32imac_zaamo_zalrsc_xw/ilp32/libc_nano.a(libc_a-__atexit.o)
                0x00000fcc                __register_exitproc
 .text.__sfputc_r
                0x00001040       0x28 /home/blank/Engineering/MCU/WCH_1/toolchain/riscv32/bin/../lib/gcc/riscv32-wch-elf/15.2.0/../../../../riscv32-wch-elf/lib/rv32imac_zaamo_zalrsc_xw/ilp32/libc_nano.a(libc_a-nano-vfprintf.o)
 .text.__sfputs_r
                0x00001068       0x40 /home/blank/Engineering/MCU/WCH_1/toolchain/riscv32/bin/../lib/gcc/riscv32-wch-elf/15.2.0/../../../../riscv32-wch-elf/lib/rv32imac_zaamo_zalrsc_xw/ilp32/libc_nano.a(libc_a-nano-vfprintf.o)
                0x00001068                __sfputs_r
 .text._vfprintf_r
                0x000010a8      0x240 /home/blank/Engineering/MCU/WCH_1/toolchain/riscv32/bin/../lib/gcc/riscv32-wch-elf/15.2.0/../../../../riscv32-wch-elf/lib/rv32imac_zaamo_zalrsc_xw/ilp32/libc_nano.a(libc_a-nano-vfprintf.o)
                0x000010a8                _vfiprintf_r
                0x000010a8                _vfprintf_r
 .text._printf_common
                0x000012e8      0x112 /home/blank/Engineering/MCU/WCH_1/toolchain/riscv32/bin/../lib/gcc/riscv32-wch-elf/15.2.0/../../../../riscv32-wch-elf/lib/rv32imac_zaamo_zalrsc_xw/ilp32/libc_nano.a(libc_a-nano-vfprintf_i.o)
                0x000012e8                _printf_common
 .text._printf_i
                0x000013fa      0x24c /home/blank/Engineering/MCU/WCH_1/toolchain/riscv32/bin/../lib/gcc/riscv32-wch-elf/15.2.0/../../../../riscv32-wch-elf/lib/rv32imac_zaamo_zalrsc_xw/ilp32/libc_nano.a(libc_a-nano-vfprintf_i.o)
                0x000013fa                _printf_i
 .text.std      0x00001646       0x5e /home/blank/Engineering/MCU/WCH_1/toolchain/riscv32/bin/../lib/gcc/riscv32-wch-elf/15.2.0/../../../../riscv32-wch-elf/lib/rv32imac_zaamo_zalrsc_xw/ilp32/libc_nano.a(libc_a-findfp.o)
 .text.stdio_exit_handler
                0x000016a4       0x18 /home/blank/Engineering/MCU/WCH_1/toolchain/riscv32/bin/../lib/gcc/riscv32-wch-elf/15.2.0/../../../../riscv32-wch-elf/lib/rv32imac_zaamo_zalrsc_xw/ilp32/libc_nano.a(libc_a-findfp.o)
 .text.cleanup_stdio
                0x000016bc       0x3e /home/blank/Engineering/MCU/WCH_1/toolchain/riscv32/bin/../lib/gcc/riscv32-wch-elf/15.2.0/../../../../riscv32-wch-elf/lib/rv32imac_zaamo_zalrsc_xw/ilp32/libc_nano.a(libc_a-findfp.o)
 .text.global_stdio_init.part.0
                0x000016fa       0x30 /home/blank/Engineering/MCU/WCH_1/toolchain/riscv32/bin/../lib/gcc/riscv32-wch-elf/15.2.0/../../../../riscv32-wch-elf/lib/rv32imac_zaamo_zalrsc_xw/ilp32/libc_nano.a(libc_a-findfp.o)
 .text.__sinit  0x0000172a       0x16 /home/blank/Engineering/MCU/WCH_1/toolchain/riscv32/bin/../lib/gcc/riscv32-wch-elf/15.2.0/../../../../riscv32-wch-elf/lib/rv32imac_zaamo_zalrsc_xw/ilp32/libc_nano.a(libc_a-findfp.o)
                0x0000172a                __sinit
 .text._fwalk_sglue
                0x00001740       0x5e /home/blank/Engineering/MCU/WCH_1/toolchain/riscv32/bin/../lib/gcc/riscv32-wch-elf/15.2.0/../../../../riscv32-wch-elf/lib/rv32imac_zaamo_zalrsc_xw/ilp32/libc_nano.a(libc_a-fwalk.o)
                0x00001740                _fwalk_sglue
 .text.__sread  0x0000179e       0x2c /home/blank/Engineering/MCU/WCH_1/toolchain/riscv32/bin/../lib/gcc/riscv32-wch-elf/15.2.0/../../../../riscv32-wch-elf/lib/rv32imac_zaamo_zalrsc_xw/ilp32/libc_nano.a(libc_a-stdio.o)
                0x0000179e                __sread
 .text.__swrite
                0x000017ca       0x48 /home/blank/Engineering/MCU/WCH_1/toolchain/riscv32/bin/../lib/gcc/riscv32-wch-elf/15.2.0/../../../../riscv32-wch-elf/lib/rv32imac_zaamo_zalrsc_xw/ilp32/libc_nano.a(libc_a-stdio.o)
                0x000017ca                __swrite
 .text.__sseek  0x00001812       0x36 /home/blank/Engineering/MCU/WCH_1/toolchain/riscv32/bin/../lib/gcc/riscv32-wch-elf/15.2.0/../../../../riscv32-wch-elf/lib/rv32imac_zaamo_zalrsc_xw/ilp32/libc_nano.a(libc_a-stdio.o)
                0x00001812                __sseek
 .text.__sclose
                0x00001848        0x6 /home/blank/Engineering/MCU/WCH_1/toolchain/riscv32/bin/../lib/gcc/riscv32-wch-elf/15.2.0/../../../../riscv32-wch-elf/lib/rv32imac_zaamo_zalrsc_xw/ilp32/libc_nano.a(libc_a-stdio.o)
                0x00001848                __sclose
 .text.__swbuf_r
                0x0000184e       0x8a /home/blank/Engineering/MCU/WCH_1/toolchain/riscv32/bin/../lib/gcc/riscv32-wch-elf/15.2.0/../../../../riscv32-wch-elf/lib/rv32imac_zaamo_zalrsc_xw/ilp32/libc_nano.a(libc_a-wbuf.o)
                0x0000184e                __swbuf_r
 .text.__swsetup_r
                0x000018d8       0xb6 /home/blank/Engineering/MCU/WCH_1/toolchain/riscv32/bin/../lib/gcc/riscv32-wch-elf/15.2.0/../../../../riscv32-wch-elf/lib/rv32imac_zaamo_zalrsc_xw/ilp32/libc_nano.a(libc_a-wsetup.o)
                0x000018d8                __swsetup_r
 .text.memchr   0x0000198e       0x18 /home/blank/Engineering/MCU/WCH_1/toolchain/riscv32/bin/../lib/gcc/riscv32-wch-elf/15.2.0/../../../../riscv32-wch-elf/lib/rv32imac_zaamo_zalrsc_xw/ilp32/libc_nano.a(libc_a-memchr.o)
                0x0000198e                memchr
 .text._close_r
                0x000019a6       0x2a /home/blank/Engineering/MCU/WCH_1/toolchain/riscv32/bin/../lib/gcc/riscv32-wch-elf/15.2.0/../../../../riscv32-wch-elf/lib/rv32imac_zaamo_zalrsc_xw/ilp32/libc_nano.a(libc_a-closer.o)
                0x000019a6                _close_r
 .text._lseek_r
                0x000019d0       0x2e /home/blank/Engineering/MCU/WCH_1/toolchain/riscv32/bin/../lib/gcc/riscv32-wch-elf/15.2.0/../../../../riscv32-wch-elf/lib/rv32imac_zaamo_zalrsc_xw/ilp32/libc_nano.a(libc_a-lseekr.o)
                0x000019d0                _lseek_r
 .text._read_r  0x000019fe       0x2e /home/blank/Engineering/MCU/WCH_1/toolchain/riscv32/bin/../lib/gcc/riscv32-wch-elf/15.2.0/../../../../riscv32-wch-elf/lib/rv32imac_zaamo_zalrsc_xw/ilp32/libc_nano.a(libc_a-readr.o)
                0x000019fe                _read_r
 .text._write_r
                0x00001a2c       0x30 /home/blank/Engineering/MCU/WCH_1/toolchain/riscv32/bin/../lib/gcc/riscv32-wch-elf/15.2.0/../../../../riscv32-wch-elf/lib/rv32imac_zaamo_zalrsc_xw/ilp32/libc_nano.a(libc_a-writer.o)
                0x00001a2c                _write_r
 .text._free_r  0x00001a5c       0x9e /home/blank/Engineering/MCU/WCH_1/toolchain/riscv32/bin/../lib/gcc/riscv32-wch-elf/15.2.0/../../../../riscv32-wch-elf/lib/rv32imac_zaamo_zalrsc_xw/ilp32/libc_nano.a(libc_a-freer.o)
                0x00001a5c                _free_r
 .text.sbrk_aligned
                0x00001afa       0x50 /home/blank/Engineering/MCU/WCH_1/toolchain/riscv32/bin/../lib/gcc/riscv32-wch-elf/15.2.0/../../../../riscv32-wch-elf/lib/rv32imac_zaamo_zalrsc_xw/ilp32/libc_nano.a(libc_a-mallocr.o)
 .text._malloc_r
                0x00001b4a      0x112 /home/blank/Engineering/MCU/WCH_1/toolchain/riscv32/bin/../lib/gcc/riscv32-wch-elf/15.2.0/../../../../riscv32-wch-elf/lib/rv32imac_zaamo_zalrsc_xw/ilp32/libc_nano.a(libc_a-mallocr.o)
                0x00001b4a                _malloc_r
 .text.__malloc_lock
                0x00001c5c        0x2 /home/blank/Engineering/MCU/WCH_1/toolchain/riscv32/bin/../lib/gcc/riscv32-wch-elf/15.2.0/../../../../riscv32-wch-elf/lib/rv32imac_zaamo_zalrsc_xw/ilp32/libc_nano.a(libc_a-mlock.o)
                0x00001c5c                __malloc_lock
 .text.__malloc_unlock
                0x00001c5e        0x2 /home/blank/Engineering/MCU/WCH_1/toolchain/riscv32/bin/../lib/gcc/riscv32-wch-elf/15.2.0/../../../../riscv32-wch-elf/lib/rv32imac_zaamo_zalrsc_xw/ilp32/libc_nano.a(libc_a-mlock.o)
                0x00001c5e                __malloc_unlock
 .text.__sflush_r
                0x00001c60      0x11e /home/blank/Engineering/MCU/WCH_1/toolchain/riscv32/bin/../lib/gcc/riscv32-wch-elf/15.2.0/../../../../riscv32-wch-elf/lib/rv32imac_zaamo_zalrsc_xw/ilp32/libc_nano.a(libc_a-fflush.o)
                0x00001c60                __sflush_r
 .text._fflush_r
                0x00001d7e       0x38 /home/blank/Engineering/MCU/WCH_1/toolchain/riscv32/bin/../lib/gcc/riscv32-wch-elf/15.2.0/../../../../riscv32-wch-elf/lib/rv32imac_zaamo_zalrsc_xw/ilp32/libc_nano.a(libc_a-fflush.o)
                0x00001d7e                _fflush_r
 .text.__swhatbuf_r
                0x00001db6       0x54 /home/blank/Engineering/MCU/WCH_1/toolchain/riscv32/bin/../lib/gcc/riscv32-wch-elf/15.2.0/../../../../riscv32-wch-elf/lib/rv32imac_zaamo_zalrsc_xw/ilp32/libc_nano.a(libc_a-makebuf.o)
                0x00001db6                __swhatbuf_r
 .text.__smakebuf_r
                0x00001e0a       0x74 /home/blank/Engineering/MCU/WCH_1/toolchain/riscv32/bin/../lib/gcc/riscv32-wch-elf/15.2.0/../../../../riscv32-wch-elf/lib/rv32imac_zaamo_zalrsc_xw/ilp32/libc_nano.a(libc_a-makebuf.o)
                0x00001e0a                __smakebuf_r
 .text._fstat_r
                0x00001e7e       0x2c /home/blank/Engineering/MCU/WCH_1/toolchain/riscv32/bin/../lib/gcc/riscv32-wch-elf/15.2.0/../../../../riscv32-wch-elf/lib/rv32imac_zaamo_zalrsc_xw/ilp32/libc_nano.a(libc_a-fstatr.o)
                0x00001e7e                _fstat_r
 .text._isatty_r
                0x00001eaa       0x2a /home/blank/Engineering/MCU/WCH_1/toolchain/riscv32/bin/../lib/gcc/riscv32-wch-elf/15.2.0/../../../../riscv32-wch-elf/lib/rv32imac_zaamo_zalrsc_xw/ilp32/libc_nano.a(libc_a-isattyr.o)
                0x00001eaa                _isatty_r
 .text._sbrk_r  0x00001ed4       0x2c /home/blank/Engineering/MCU/WCH_1/toolchain/riscv32/bin/../lib/gcc/riscv32-wch-elf/15.2.0/../../../../riscv32-wch-elf/lib/rv32imac_zaamo_zalrsc_xw/ilp32/libc_nano.a(libc_a-sbrkr.o)
                0x00001ed4                _sbrk_r
 .text._close   0x00001f00        0xc /home/blank/Engineering/MCU/WCH_1/toolchain/riscv32/bin/../lib/gcc/riscv32-wch-elf/15.2.0/../../../../riscv32-wch-elf/lib/rv32imac_zaamo_zalrsc_xw/ilp32/libnosys.a(close.o)
                0x00001f00                _close
 .text._fstat   0x00001f0c        0xc /home/blank/Engineering/MCU/WCH_1/toolchain/riscv32/bin/../lib/gcc/riscv32-wch-elf/15.2.0/../../../../riscv32-wch-elf/lib/rv32imac_zaamo_zalrsc_xw/ilp32/libnosys.a(fstat.o)
                0x00001f0c                _fstat
 .text._isatty  0x00001f18        0xc /home/blank/Engineering/MCU/WCH_1/toolchain/riscv32/bin/../lib/gcc/riscv32-wch-elf/15.2.0/../../../../riscv32-wch-elf/lib/rv32imac_zaamo_zalrsc_xw/ilp32/libnosys.a(isatty.o)
                0x00001f18                _isatty
 .text._lseek   0x00001f24        0xc /home/blank/Engineering/MCU/WCH_1/toolchain/riscv32/bin/../lib/gcc/riscv32-wch-elf/15.2.0/../../../../riscv32-wch-elf/lib/rv32imac_zaamo_zalrsc_xw/ilp32/libnosys.a(lseek.o)
                0x00001f24                _lseek
 .text._read    0x00001f30        0xc /home/blank/Engineering/MCU/WCH_1/toolchain/riscv32/bin/../lib/gcc/riscv32-wch-elf/15.2.0/../../../../riscv32-wch-elf/lib/rv32imac_zaamo_zalrsc_xw/ilp32/libnosys.a(read.o)
                0x00001f30                _read
 *(.rodata)
 *fill*         0x00001f3c        0x0 
 .rodata        0x00001f3c       0x1c CMakeFiles/Programmator.elf.dir/Project/Programmator/ssd1306/i2c_tx.c.obj
 *(.rodata*)
 .rodata.main.str1.4
                0x00001f58       0x95 CMakeFiles/Programmator.elf.dir/Project/Programmator/main.c.obj
                                 0x56 (size before relaxing)
 *fill*         0x00001fed        0x3 
 .rodata.ssd1306_init_sequence
                0x00001ff0       0x20 CMakeFiles/Programmator.elf.dir/Project/Programmator/ssd1306/oled_segment.c.obj
                0x00001ff0                ssd1306_init_sequence
 .rodata.font5x8
                0x00002010      0x1e0 CMakeFiles/Programmator.elf.dir/Project/Programmator/ssd1306/oled_segment.c.obj
 .rodata.APBAHBPrescTable
                0x000021f0       0x10 libch32_sdk.a(ch32v30x_rcc.c.obj)
 .rodata.AHBPrescTable
                0x00002200       0x10 libch32_sdk.a(system_ch32v30x.c.obj)
                0x00002200                AHBPrescTable
 .rodata._vfprintf_r.str1.4
                0x00002210        0x0 /home/blank/Engineering/MCU/WCH_1/toolchain/riscv32/bin/../lib/gcc/riscv32-wch-elf/15.2.0/../../../../riscv32-wch-elf/lib/rv32imac_zaamo_zalrsc_xw/ilp32/libc_nano.a(libc_a-nano-vfprintf.o)
                                 0x13 (size before relaxing)
 .rodata._printf_i.str1.4
                0x00002210        0x0 /home/blank/Engineering/MCU/WCH_1/toolchain/riscv32/bin/../lib/gcc/riscv32-wch-elf/15.2.0/../../../../riscv32-wch-elf/lib/rv32imac_zaamo_zalrsc_xw/ilp32/libc_nano.a(libc_a-nano-vfprintf_i.o)
                                 0x25 (size before relaxing)
 .rodata._printf_i
                0x00002210       0x58 /home/blank/Engineering/MCU/WCH_1/toolchain/riscv32/bin/../lib/gcc/riscv32-wch-elf/15.2.0/../../../../riscv32-wch-elf/lib/rv32imac_zaamo_zalrsc_xw/ilp32/libc_nano.a(libc_a-nano-vfprintf_i.o)
 *(.gnu.linkonce.t.*)
                0x00002268                        . = ALIGN (0x4)

.rela.dyn       0x00002268        0x0
 .rela.text._sbrk
                0x00002268        0x0 CMakeFiles/Programmator.elf.dir/Project/Programmator/main.c.obj
 .rela.sdata.curbrk.0
                0x00002268        0x0 CMakeFiles/Programmator.elf.dir/Project/Programmator/main.c.obj
 .rela.init     0x00002268        0x0 CMakeFiles/Programmator.elf.dir/Project/Programmator/main.c.obj
 .rela.vector   0x00002268        0x0 CMakeFiles/Programmator.elf.dir/Project/Programmator/main.c.obj
 .rela.text.handle_reset
                0x00002268        0x0 CMakeFiles/Programmator.elf.dir/Project/Programmator/main.c.obj
 .rela.text.__libc_init_array
                0x00002268        0x0 CMakeFiles/Programmator.elf.dir/Project/Programmator/main.c.obj
 .rela.text.__libc_fini_array
                0x00002268        0x0 CMakeFiles/Programmator.elf.dir/Project/Programmator/main.c.obj
 .rela.text.__register_exitproc
                0x00002268        0x0 CMakeFiles/Programmator.elf.dir/Project/Programmator/main.c.obj
 .rela.text._vfprintf_r
                0x00002268        0x0 CMakeFiles/Programmator.elf.dir/Project/Programmator/main.c.obj

.fini           0x00002268        0x0
 *(SORT_NONE(.fini))
                0x00002268                        . = ALIGN (0x4)
                [!provide]                        PROVIDE (_etext = .)
                [!provide]                        PROVIDE (_eitcm = .)

.preinit_array  0x00002268        0x0
                0x00002268                        PROVIDE (__preinit_array_start = .)
 *(.preinit_array)
                0x00002268                        PROVIDE (__preinit_array_end = .)

.init_array     0x00002268        0x0
                0x00002268                        PROVIDE (__init_array_start = .)
 *(SORT_BY_INIT_PRIORITY(.init_array.*) SORT_BY_INIT_PRIORITY(.ctors.*))
 *(.init_array EXCLUDE_FILE(*crtend?.o *crtend.o *crtbegin?.o *crtbegin.o) .ctors)
                0x00002268                        PROVIDE (__init_array_end = .)

.fini_array     0x00002268        0x0
                0x00002268                        PROVIDE (__fini_array_start = .)
 *(SORT_BY_INIT_PRIORITY(.fini_array.*) SORT_BY_INIT_PRIORITY(.dtors.*))
 *(.fini_array EXCLUDE_FILE(*crtend?.o *crtend.o *crtbegin?.o *crtbegin.o) .dtors)
                0x00002268                        PROVIDE (__fini_array_end = .)

.ctors
 *crtbegin.o(.ctors)
 *crtbegin?.o(.ctors)
 *(EXCLUDE_FILE(*crtend?.o *crtend.o) .ctors)
 *(SORT_BY_NAME(.ctors.*))
 *(.ctors)

.dtors
 *crtbegin.o(.dtors)
 *crtbegin?.o(.dtors)
 *(EXCLUDE_FILE(*crtend?.o *crtend.o) .dtors)
 *(SORT_BY_NAME(.dtors.*))
 *(.dtors)

.dalign         0x20000000        0x0 load address 0x00002268
                0x20000000                        . = ALIGN (0x4)
                0x20000000                        PROVIDE (_data_vma = .)

.dlalign        0x00002268        0x0
                0x00002268                        . = ALIGN (0x4)
                0x00002268                        PROVIDE (_data_lma = .)

.data           0x20000000       0x6c load address 0x00002268
 *(.gnu.linkonce.r.*)
 *(.data .data.*)
 .data._impure_data
                0x20000000       0x4c /home/blank/Engineering/MCU/WCH_1/toolchain/riscv32/bin/../lib/gcc/riscv32-wch-elf/15.2.0/../../../../riscv32-wch-elf/lib/rv32imac_zaamo_zalrsc_xw/ilp32/libc_nano.a(libc_a-impure.o)
                0x20000000                _impure_data
 .data.__sglue  0x2000004c        0xc /home/blank/Engineering/MCU/WCH_1/toolchain/riscv32/bin/../lib/gcc/riscv32-wch-elf/15.2.0/../../../../riscv32-wch-elf/lib/rv32imac_zaamo_zalrsc_xw/ilp32/libc_nano.a(libc_a-findfp.o)
                0x2000004c                __sglue
 *(.gnu.linkonce.d.*)
                0x20000058                        . = ALIGN (0x8)
                0x20000858                        PROVIDE (__global_pointer$ = (. + 0x800))
 *(.sdata .sdata.*)
 .sdata.SystemCoreClock
                0x20000058        0x4 libch32_sdk.a(system_ch32v30x.c.obj)
                0x20000058                SystemCoreClock
 .sdata.curbrk.0
                0x2000005c        0x4 libch32_sdk.a(debug.c.obj)
 .sdata._impure_ptr
                0x20000060        0x4 /home/blank/Engineering/MCU/WCH_1/toolchain/riscv32/bin/../lib/gcc/riscv32-wch-elf/15.2.0/../../../../riscv32-wch-elf/lib/rv32imac_zaamo_zalrsc_xw/ilp32/libc_nano.a(libc_a-impure.o)
                0x20000060                _impure_ptr
 *(.sdata2.*)
 *(.gnu.linkonce.s.*)
                0x20000068                        . = ALIGN (0x8)
 *fill*         0x20000064        0x4 
 *(.srodata.cst16)
 *(.srodata.cst8)
 *(.srodata.cst4)
 *(.srodata.cst2)
 *(.srodata .srodata.*)
 .srodata.ADCPrescTable
                0x20000068        0x4 libch32_sdk.a(ch32v30x_rcc.c.obj)
                0x2000006c                        . = ALIGN (0x4)
                0x2000006c                        PROVIDE (_edata = .)

.bss            0x2000006c      0x5e4 load address 0x000022d4
                0x2000006c                        . = ALIGN (0x4)
                0x2000006c                        PROVIDE (_sbss = .)
 *(.sbss*)
 .sbss.cursorY  0x2000006c        0x1 CMakeFiles/Programmator.elf.dir/Project/Programmator/ssd1306/oled_segment.c.obj
                0x2000006c                cursorY
 .sbss.cursorX  0x2000006d        0x1 CMakeFiles/Programmator.elf.dir/Project/Programmator/ssd1306/oled_segment.c.obj
                0x2000006d                cursorX
 .sbss.scroll   0x2000006e        0x1 CMakeFiles/Programmator.elf.dir/Project/Programmator/ssd1306/oled_segment.c.obj
                0x2000006e                scroll
 .sbss.column   0x2000006f        0x1 CMakeFiles/Programmator.elf.dir/Project/Programmator/ssd1306/oled_segment.c.obj
                0x2000006f                column
 .sbss.line     0x20000070        0x1 CMakeFiles/Programmator.elf.dir/Project/Programmator/ssd1306/oled_segment.c.obj
                0x20000070                line
 *fill*         0x20000071        0x1 
 .sbss.p_ms     0x20000072        0x2 libch32_sdk.a(debug.c.obj)
 .sbss.p_us     0x20000074        0x1 libch32_sdk.a(debug.c.obj)
 *fill*         0x20000075        0x3 
 .sbss.__atexit
                0x20000078        0x4 /home/blank/Engineering/MCU/WCH_1/toolchain/riscv32/bin/../lib/gcc/riscv32-wch-elf/15.2.0/../../../../riscv32-wch-elf/lib/rv32imac_zaamo_zalrsc_xw/ilp32/libc_nano.a(libc_a-__call_atexit.o)
                0x20000078                __atexit
 .sbss.__stdio_exit_handler
                0x2000007c        0x4 /home/blank/Engineering/MCU/WCH_1/toolchain/riscv32/bin/../lib/gcc/riscv32-wch-elf/15.2.0/../../../../riscv32-wch-elf/lib/rv32imac_zaamo_zalrsc_xw/ilp32/libc_nano.a(libc_a-findfp.o)
                0x2000007c                __stdio_exit_handler
 .sbss.errno    0x20000080        0x4 /home/blank/Engineering/MCU/WCH_1/toolchain/riscv32/bin/../lib/gcc/riscv32-wch-elf/15.2.0/../../../../riscv32-wch-elf/lib/rv32imac_zaamo_zalrsc_xw/ilp32/libc_nano.a(libc_a-reent.o)
                0x20000080                errno
 .sbss.__malloc_sbrk_start
                0x20000084        0x4 /home/blank/Engineering/MCU/WCH_1/toolchain/riscv32/bin/../lib/gcc/riscv32-wch-elf/15.2.0/../../../../riscv32-wch-elf/lib/rv32imac_zaamo_zalrsc_xw/ilp32/libc_nano.a(libc_a-mallocr.o)
                0x20000084                __malloc_sbrk_start
 .sbss.__malloc_free_list
                0x20000088        0x4 /home/blank/Engineering/MCU/WCH_1/toolchain/riscv32/bin/../lib/gcc/riscv32-wch-elf/15.2.0/../../../../riscv32-wch-elf/lib/rv32imac_zaamo_zalrsc_xw/ilp32/libc_nano.a(libc_a-mallocr.o)
                0x20000088                __malloc_free_list
 *(.gnu.linkonce.sb.*)
 *(.bss*)
 .bss.SSD1306_Buffer
                0x2000008c      0x400 CMakeFiles/Programmator.elf.dir/Project/Programmator/ssd1306/oled_segment.c.obj
 .bss.__atexit0
                0x2000048c       0x8c /home/blank/Engineering/MCU/WCH_1/toolchain/riscv32/bin/../lib/gcc/riscv32-wch-elf/15.2.0/../../../../riscv32-wch-elf/lib/rv32imac_zaamo_zalrsc_xw/ilp32/libc_nano.a(libc_a-__atexit.o)
                0x2000048c                __atexit0
 .bss.__sf      0x20000518      0x138 /home/blank/Engineering/MCU/WCH_1/toolchain/riscv32/bin/../lib/gcc/riscv32-wch-elf/15.2.0/../../../../riscv32-wch-elf/lib/rv32imac_zaamo_zalrsc_xw/ilp32/libc_nano.a(libc_a-findfp.o)
                0x20000518                __sf
 *(.gnu.linkonce.b.*)
 *(COMMON*)
                0x20000650                        . = ALIGN (0x4)
                0x20000650                        PROVIDE (_ebss = .)
                0x20000650                        PROVIDE (_end = _ebss)
                [!provide]                        PROVIDE (end = .)

.stack          0x20007800      0x800
                0x20007800                        PROVIDE (_heap_end = .)
                0x20007800                        . = ALIGN (0x4)
                [!provide]                        PROVIDE (_susrstack = .)
                0x20008000                        . = (. + __stack_size)
 *fill*         0x20007800      0x800 
                0x20008000                        PROVIDE (_eusrstack = .)
OUTPUT(Programmator.elf elf32-littleriscv)

.debug_info     0x00000000     0x560e
 .debug_info    0x00000000      0x97d CMakeFiles/Programmator.elf.dir/Project/Programmator/main.c.obj
 .debug_info    0x0000097d     0x1020 CMakeFiles/Programmator.elf.dir/Project/Programmator/ssd1306/oled_segment.c.obj
 .debug_info    0x0000199d      0x5ad CMakeFiles/Programmator.elf.dir/Project/Programmator/ssd1306/i2c_tx.c.obj
 .debug_info    0x00001f4a      0x7e3 libch32_sdk.a(ch32v30x_gpio.c.obj)
 .debug_info    0x0000272d      0xbb7 libch32_sdk.a(ch32v30x_i2c.c.obj)
 .debug_info    0x000032e4      0xc88 libch32_sdk.a(ch32v30x_rcc.c.obj)
 .debug_info    0x00003f6c      0x2ce libch32_sdk.a(system_ch32v30x.c.obj)
 .debug_info    0x0000423a      0x6ee libch32_sdk.a(debug.c.obj)
 .debug_info    0x00004928       0x23 libch32_sdk.a(startup_ch32v30x_D8C.S.obj)
 .debug_info    0x0000494b      0xb64 libch32_sdk.a(ch32v30x_usart.c.obj)
 .debug_info    0x000054af      0x15f /home/blank/Engineering/MCU/WCH_1/toolchain/riscv32/bin/../lib/gcc/riscv32-wch-elf/15.2.0/rv32imac_zaamo_zalrsc_xw/ilp32/libgcc.a(save-restore.o)

.debug_abbrev   0x00000000     0x131a
 .debug_abbrev  0x00000000      0x109 CMakeFiles/Programmator.elf.dir/Project/Programmator/main.c.obj
 .debug_abbrev  0x00000109      0x2b5 CMakeFiles/Programmator.elf.dir/Project/Programmator/ssd1306/oled_segment.c.obj
 .debug_abbrev  0x000003be      0x1a3 CMakeFiles/Programmator.elf.dir/Project/Programmator/ssd1306/i2c_tx.c.obj
 .debug_abbrev  0x00000561      0x23d libch32_sdk.a(ch32v30x_gpio.c.obj)
 .debug_abbrev  0x0000079e      0x2a1 libch32_sdk.a(ch32v30x_i2c.c.obj)
 .debug_abbrev  0x00000a3f      0x266 libch32_sdk.a(ch32v30x_rcc.c.obj)
 .debug_abbrev  0x00000ca5      0x1a1 libch32_sdk.a(system_ch32v30x.c.obj)
 .debug_abbrev  0x00000e46      0x27e libch32_sdk.a(debug.c.obj)
 .debug_abbrev  0x000010c4       0x12 libch32_sdk.a(startup_ch32v30x_D8C.S.obj)
 .debug_abbrev  0x000010d6      0x21c libch32_sdk.a(ch32v30x_usart.c.obj)
 .debug_abbrev  0x000012f2       0x28 /home/blank/Engineering/MCU/WCH_1/toolchain/riscv32/bin/../lib/gcc/riscv32-wch-elf/15.2.0/rv32imac_zaamo_zalrsc_xw/ilp32/libgcc.a(save-restore.o)

.debug_aranges  0x00000000      0x670
 .debug_aranges
                0x00000000       0x20 CMakeFiles/Programmator.elf.dir/Project/Programmator/main.c.obj
 .debug_aranges
                0x00000020       0xd8 CMakeFiles/Programmator.elf.dir/Project/Programmator/ssd1306/oled_segment.c.obj
 .debug_aranges
                0x000000f8       0x38 CMakeFiles/Programmator.elf.dir/Project/Programmator/ssd1306/i2c_tx.c.obj
 .debug_aranges
                0x00000130       0xa8 libch32_sdk.a(ch32v30x_gpio.c.obj)
 .debug_aranges
                0x000001d8      0x120 libch32_sdk.a(ch32v30x_i2c.c.obj)
 .debug_aranges
                0x000002f8      0x1a8 libch32_sdk.a(ch32v30x_rcc.c.obj)
 .debug_aranges
                0x000004a0       0x28 libch32_sdk.a(system_ch32v30x.c.obj)
 .debug_aranges
                0x000004c8       0x58 libch32_sdk.a(debug.c.obj)
 .debug_aranges
                0x00000520       0x30 libch32_sdk.a(startup_ch32v30x_D8C.S.obj)
 .debug_aranges
                0x00000550      0x100 libch32_sdk.a(ch32v30x_usart.c.obj)
 .debug_aranges
                0x00000650       0x20 /home/blank/Engineering/MCU/WCH_1/toolchain/riscv32/bin/../lib/gcc/riscv32-wch-elf/15.2.0/rv32imac_zaamo_zalrsc_xw/ilp32/libgcc.a(save-restore.o)

.debug_rnglists
                0x00000000      0x524
 .debug_rnglists
                0x00000000       0x14 CMakeFiles/Programmator.elf.dir/Project/Programmator/main.c.obj
 .debug_rnglists
                0x00000014      0x118 CMakeFiles/Programmator.elf.dir/Project/Programmator/ssd1306/oled_segment.c.obj
 .debug_rnglists
                0x0000012c       0x26 CMakeFiles/Programmator.elf.dir/Project/Programmator/ssd1306/i2c_tx.c.obj
 .debug_rnglists
                0x00000152       0x7c libch32_sdk.a(ch32v30x_gpio.c.obj)
 .debug_rnglists
                0x000001ce       0xd4 libch32_sdk.a(ch32v30x_i2c.c.obj)
 .debug_rnglists
                0x000002a2      0x13a libch32_sdk.a(ch32v30x_rcc.c.obj)
 .debug_rnglists
                0x000003dc       0x2d libch32_sdk.a(system_ch32v30x.c.obj)
 .debug_rnglists
                0x00000409       0x3d libch32_sdk.a(debug.c.obj)
 .debug_rnglists
                0x00000446       0x21 libch32_sdk.a(startup_ch32v30x_D8C.S.obj)
 .debug_rnglists
                0x00000467       0xbd libch32_sdk.a(ch32v30x_usart.c.obj)

.debug_line     0x00000000     0x5b4d
 .debug_line    0x00000000       0xf3 CMakeFiles/Programmator.elf.dir/Project/Programmator/main.c.obj
 .debug_line    0x000000f3     0x10d8 CMakeFiles/Programmator.elf.dir/Project/Programmator/ssd1306/oled_segment.c.obj
 .debug_line    0x000011cb      0x24c CMakeFiles/Programmator.elf.dir/Project/Programmator/ssd1306/i2c_tx.c.obj
 .debug_line    0x00001417      0x9be libch32_sdk.a(ch32v30x_gpio.c.obj)
 .debug_line    0x00001dd5      0xd5d libch32_sdk.a(ch32v30x_i2c.c.obj)
 .debug_line    0x00002b32     0x1544 libch32_sdk.a(ch32v30x_rcc.c.obj)
 .debug_line    0x00004076      0x4d2 libch32_sdk.a(system_ch32v30x.c.obj)
 .debug_line    0x00004548      0x481 libch32_sdk.a(debug.c.obj)
 .debug_line    0x000049c9      0x360 libch32_sdk.a(startup_ch32v30x_D8C.S.obj)
 .debug_line    0x00004d29      0xcc5 libch32_sdk.a(ch32v30x_usart.c.obj)
 .debug_line    0x000059ee      0x15f /home/blank/Engineering/MCU/WCH_1/toolchain/riscv32/bin/../lib/gcc/riscv32-wch-elf/15.2.0/rv32imac_zaamo_zalrsc_xw/ilp32/libgcc.a(save-restore.o)

.debug_str      0x00000000     0x199c
 .debug_str     0x00000000     0x199c CMakeFiles/Programmator.elf.dir/Project/Programmator/main.c.obj
                                0x231 (size before relaxing)
 .debug_str     0x0000199c        0x0 CMakeFiles/Programmator.elf.dir/Project/Programmator/ssd1306/oled_segment.c.obj
                                0x3dd (size before relaxing)
 .debug_str     0x0000199c        0x0 CMakeFiles/Programmator.elf.dir/Project/Programmator/ssd1306/i2c_tx.c.obj
                                0x4ac (size before relaxing)
 .debug_str     0x0000199c        0x0 libch32_sdk.a(ch32v30x_gpio.c.obj)
                                0x54a (size before relaxing)
 .debug_str     0x0000199c        0x0 libch32_sdk.a(ch32v30x_i2c.c.obj)
                                0x6ba (size before relaxing)
 .debug_str     0x0000199c        0x0 libch32_sdk.a(ch32v30x_rcc.c.obj)
                                0x8a4 (size before relaxing)
 .debug_str     0x0000199c        0x0 libch32_sdk.a(system_ch32v30x.c.obj)
                                0x2bd (size before relaxing)
 .debug_str     0x0000199c        0x0 libch32_sdk.a(debug.c.obj)
                                0x527 (size before relaxing)
 .debug_str     0x0000199c        0x0 libch32_sdk.a(startup_ch32v30x_D8C.S.obj)
                                 0x98 (size before relaxing)
 .debug_str     0x0000199c        0x0 libch32_sdk.a(ch32v30x_usart.c.obj)
                                0x6ef (size before relaxing)
 .debug_str     0x0000199c        0x0 /home/blank/Engineering/MCU/WCH_1/toolchain/riscv32/bin/../lib/gcc/riscv32-wch-elf/15.2.0/rv32imac_zaamo_zalrsc_xw/ilp32/libgcc.a(save-restore.o)
                                0x263 (size before relaxing)

.debug_line_str
                0x00000000      0x65d
 .debug_line_str
                0x00000000      0x65d CMakeFiles/Programmator.elf.dir/Project/Programmator/main.c.obj
                                0x2a4 (size before relaxing)
 .debug_line_str
                0x0000065d        0x0 CMakeFiles/Programmator.elf.dir/Project/Programmator/ssd1306/oled_segment.c.obj
                                0x1d0 (size before relaxing)
 .debug_line_str
                0x0000065d        0x0 CMakeFiles/Programmator.elf.dir/Project/Programmator/ssd1306/i2c_tx.c.obj
                                0x227 (size before relaxing)
 .debug_line_str
                0x0000065d        0x0 libch32_sdk.a(ch32v30x_gpio.c.obj)
                                0x1e9 (size before relaxing)
 .debug_line_str
                0x0000065d        0x0 libch32_sdk.a(ch32v30x_i2c.c.obj)
                                0x1e6 (size before relaxing)
 .debug_line_str
                0x0000065d        0x0 libch32_sdk.a(ch32v30x_rcc.c.obj)
                                0x1d7 (size before relaxing)
 .debug_line_str
                0x0000065d        0x0 libch32_sdk.a(system_ch32v30x.c.obj)
                                0x1e0 (size before relaxing)
 .debug_line_str
                0x0000065d        0x0 libch32_sdk.a(debug.c.obj)
                                0x260 (size before relaxing)
 .debug_line_str
                0x0000065d        0x0 libch32_sdk.a(startup_ch32v30x_D8C.S.obj)
                                 0x8c (size before relaxing)
 .debug_line_str
                0x0000065d        0x0 libch32_sdk.a(ch32v30x_usart.c.obj)
                                0x1ec (size before relaxing)
 .debug_line_str
                0x0000065d        0x0 /home/blank/Engineering/MCU/WCH_1/toolchain/riscv32/bin/../lib/gcc/riscv32-wch-elf/15.2.0/rv32imac_zaamo_zalrsc_xw/ilp32/libgcc.a(save-restore.o)
                                 0xa4 (size before relaxing)

.comment        0x00000000       0x31
 .comment       0x00000000       0x31 CMakeFiles/Programmator.elf.dir/Project/Programmator/main.c.obj
                                 0x20 (size before relaxing)
 .comment       0x00000031        0x0 CMakeFiles/Programmator.elf.dir/Project/Programmator/ssd1306/oled_segment.c.obj
                                 0x20 (size before relaxing)
 .comment       0x00000031        0x0 CMakeFiles/Programmator.elf.dir/Project/Programmator/ssd1306/i2c_tx.c.obj
                                 0x20 (size before relaxing)
 .comment       0x00000031        0x0 libch32_sdk.a(ch32v30x_gpio.c.obj)
                                 0x20 (size before relaxing)
 .comment       0x00000031        0x0 libch32_sdk.a(ch32v30x_i2c.c.obj)
                                 0x20 (size before relaxing)
 .comment       0x00000031        0x0 libch32_sdk.a(ch32v30x_rcc.c.obj)
                                 0x20 (size before relaxing)
 .comment       0x00000031        0x0 libch32_sdk.a(system_ch32v30x.c.obj)
                                 0x20 (size before relaxing)
 .comment       0x00000031        0x0 libch32_sdk.a(debug.c.obj)
                                 0x20 (size before relaxing)
 .comment       0x00000031        0x0 libch32_sdk.a(ch32v30x_usart.c.obj)
                                 0x20 (size before relaxing)
 .comment       0x00000031        0x0 /home/blank/Engineering/MCU/WCH_1/toolchain/riscv32/bin/../lib/gcc/riscv32-wch-elf/15.2.0/../../../../riscv32-wch-elf/lib/rv32imac_zaamo_zalrsc_xw/ilp32/libc_nano.a(libc_a-atexit.o)
                                 0x13 (size before relaxing)
 .comment       0x00000031        0x0 /home/blank/Engineering/MCU/WCH_1/toolchain/riscv32/bin/../lib/gcc/riscv32-wch-elf/15.2.0/../../../../riscv32-wch-elf/lib/rv32imac_zaamo_zalrsc_xw/ilp32/libc_nano.a(libc_a-printf.o)
                                 0x13 (size before relaxing)
 .comment       0x00000031        0x0 /home/blank/Engineering/MCU/WCH_1/toolchain/riscv32/bin/../lib/gcc/riscv32-wch-elf/15.2.0/../../../../riscv32-wch-elf/lib/rv32imac_zaamo_zalrsc_xw/ilp32/libc_nano.a(libc_a-impure.o)
                                 0x13 (size before relaxing)
 .comment       0x00000031        0x0 /home/blank/Engineering/MCU/WCH_1/toolchain/riscv32/bin/../lib/gcc/riscv32-wch-elf/15.2.0/../../../../riscv32-wch-elf/lib/rv32imac_zaamo_zalrsc_xw/ilp32/libc_nano.a(libc_a-init.o)
                                 0x13 (size before relaxing)
 .comment       0x00000031        0x0 /home/blank/Engineering/MCU/WCH_1/toolchain/riscv32/bin/../lib/gcc/riscv32-wch-elf/15.2.0/../../../../riscv32-wch-elf/lib/rv32imac_zaamo_zalrsc_xw/ilp32/libc_nano.a(libc_a-fini.o)
                                 0x13 (size before relaxing)
 .comment       0x00000031        0x0 /home/blank/Engineering/MCU/WCH_1/toolchain/riscv32/bin/../lib/gcc/riscv32-wch-elf/15.2.0/../../../../riscv32-wch-elf/lib/rv32imac_zaamo_zalrsc_xw/ilp32/libc_nano.a(libc_a-__atexit.o)
                                 0x13 (size before relaxing)
 .comment       0x00000031        0x0 /home/blank/Engineering/MCU/WCH_1/toolchain/riscv32/bin/../lib/gcc/riscv32-wch-elf/15.2.0/../../../../riscv32-wch-elf/lib/rv32imac_zaamo_zalrsc_xw/ilp32/libc_nano.a(libc_a-__call_atexit.o)
                                 0x13 (size before relaxing)
 .comment       0x00000031        0x0 /home/blank/Engineering/MCU/WCH_1/toolchain/riscv32/bin/../lib/gcc/riscv32-wch-elf/15.2.0/../../../../riscv32-wch-elf/lib/rv32imac_zaamo_zalrsc_xw/ilp32/libc_nano.a(libc_a-nano-vfprintf.o)
                                 0x13 (size before relaxing)
 .comment       0x00000031        0x0 /home/blank/Engineering/MCU/WCH_1/toolchain/riscv32/bin/../lib/gcc/riscv32-wch-elf/15.2.0/../../../../riscv32-wch-elf/lib/rv32imac_zaamo_zalrsc_xw/ilp32/libc_nano.a(libc_a-nano-vfprintf_i.o)
                                 0x13 (size before relaxing)
 .comment       0x00000031        0x0 /home/blank/Engineering/MCU/WCH_1/toolchain/riscv32/bin/../lib/gcc/riscv32-wch-elf/15.2.0/../../../../riscv32-wch-elf/lib/rv32imac_zaamo_zalrsc_xw/ilp32/libc_nano.a(libc_a-findfp.o)
                                 0x13 (size before relaxing)
 .comment       0x00000031        0x0 /home/blank/Engineering/MCU/WCH_1/toolchain/riscv32/bin/../lib/gcc/riscv32-wch-elf/15.2.0/../../../../riscv32-wch-elf/lib/rv32imac_zaamo_zalrsc_xw/ilp32/libc_nano.a(libc_a-fwalk.o)
                                 0x13 (size before relaxing)
 .comment       0x00000031        0x0 /home/blank/Engineering/MCU/WCH_1/toolchain/riscv32/bin/../lib/gcc/riscv32-wch-elf/15.2.0/../../../../riscv32-wch-elf/lib/rv32imac_zaamo_zalrsc_xw/ilp32/libc_nano.a(libc_a-stdio.o)
                                 0x13 (size before relaxing)
 .comment       0x00000031        0x0 /home/blank/Engineering/MCU/WCH_1/toolchain/riscv32/bin/../lib/gcc/riscv32-wch-elf/15.2.0/../../../../riscv32-wch-elf/lib/rv32imac_zaamo_zalrsc_xw/ilp32/libc_nano.a(libc_a-wbuf.o)
                                 0x13 (size before relaxing)
 .comment       0x00000031        0x0 /home/blank/Engineering/MCU/WCH_1/toolchain/riscv32/bin/../lib/gcc/riscv32-wch-elf/15.2.0/../../../../riscv32-wch-elf/lib/rv32imac_zaamo_zalrsc_xw/ilp32/libc_nano.a(libc_a-wsetup.o)
                                 0x13 (size before relaxing)
 .comment       0x00000031        0x0 /home/blank/Engineering/MCU/WCH_1/toolchain/riscv32/bin/../lib/gcc/riscv32-wch-elf/15.2.0/../../../../riscv32-wch-elf/lib/rv32imac_zaamo_zalrsc_xw/ilp32/libc_nano.a(libc_a-memchr.o)
                                 0x13 (size before relaxing)
 .comment       0x00000031        0x0 /home/blank/Engineering/MCU/WCH_1/toolchain/riscv32/bin/../lib/gcc/riscv32-wch-elf/15.2.0/../../../../riscv32-wch-elf/lib/rv32imac_zaamo_zalrsc_xw/ilp32/libc_nano.a(libc_a-closer.o)
                                 0x13 (size before relaxing)
 .comment       0x00000031        0x0 /home/blank/Engineering/MCU/WCH_1/toolchain/riscv32/bin/../lib/gcc/riscv32-wch-elf/15.2.0/../../../../riscv32-wch-elf/lib/rv32imac_zaamo_zalrsc_xw/ilp32/libc_nano.a(libc_a-reent.o)
                                 0x13 (size before relaxing)
 .comment       0x00000031        0x0 /home/blank/Engineering/MCU/WCH_1/toolchain/riscv32/bin/../lib/gcc/riscv32-wch-elf/15.2.0/../../../../riscv32-wch-elf/lib/rv32imac_zaamo_zalrsc_xw/ilp32/libc_nano.a(libc_a-lseekr.o)
                                 0x13 (size before relaxing)
 .comment       0x00000031        0x0 /home/blank/Engineering/MCU/WCH_1/toolchain/riscv32/bin/../lib/gcc/riscv32-wch-elf/15.2.0/../../../../riscv32-wch-elf/lib/rv32imac_zaamo_zalrsc_xw/ilp32/libc_nano.a(libc_a-readr.o)
                                 0x13 (size before relaxing)
 .comment       0x00000031        0x0 /home/blank/Engineering/MCU/WCH_1/toolchain/riscv32/bin/../lib/gcc/riscv32-wch-elf/15.2.0/../../../../riscv32-wch-elf/lib/rv32imac_zaamo_zalrsc_xw/ilp32/libc_nano.a(libc_a-writer.o)
                                 0x13 (size before relaxing)
 .comment       0x00000031        0x0 /home/blank/Engineering/MCU/WCH_1/toolchain/riscv32/bin/../lib/gcc/riscv32-wch-elf/15.2.0/../../../../riscv32-wch-elf/lib/rv32imac_zaamo_zalrsc_xw/ilp32/libc_nano.a(libc_a-freer.o)
                                 0x13 (size before relaxing)
 .comment       0x00000031        0x0 /home/blank/Engineering/MCU/WCH_1/toolchain/riscv32/bin/../lib/gcc/riscv32-wch-elf/15.2.0/../../../../riscv32-wch-elf/lib/rv32imac_zaamo_zalrsc_xw/ilp32/libc_nano.a(libc_a-mallocr.o)
                                 0x13 (size before relaxing)
 .comment       0x00000031        0x0 /home/blank/Engineering/MCU/WCH_1/toolchain/riscv32/bin/../lib/gcc/riscv32-wch-elf/15.2.0/../../../../riscv32-wch-elf/lib/rv32imac_zaamo_zalrsc_xw/ilp32/libc_nano.a(libc_a-mlock.o)
                                 0x13 (size before relaxing)
 .comment       0x00000031        0x0 /home/blank/Engineering/MCU/WCH_1/toolchain/riscv32/bin/../lib/gcc/riscv32-wch-elf/15.2.0/../../../../riscv32-wch-elf/lib/rv32imac_zaamo_zalrsc_xw/ilp32/libc_nano.a(libc_a-fflush.o)
                                 0x13 (size before relaxing)
 .comment       0x00000031        0x0 /home/blank/Engineering/MCU/WCH_1/toolchain/riscv32/bin/../lib/gcc/riscv32-wch-elf/15.2.0/../../../../riscv32-wch-elf/lib/rv32imac_zaamo_zalrsc_xw/ilp32/libc_nano.a(libc_a-makebuf.o)
                                 0x13 (size before relaxing)
 .comment       0x00000031        0x0 /home/blank/Engineering/MCU/WCH_1/toolchain/riscv32/bin/../lib/gcc/riscv32-wch-elf/15.2.0/../../../../riscv32-wch-elf/lib/rv32imac_zaamo_zalrsc_xw/ilp32/libc_nano.a(libc_a-fstatr.o)
                                 0x13 (size before relaxing)
 .comment       0x00000031        0x0 /home/blank/Engineering/MCU/WCH_1/toolchain/riscv32/bin/../lib/gcc/riscv32-wch-elf/15.2.0/../../../../riscv32-wch-elf/lib/rv32imac_zaamo_zalrsc_xw/ilp32/libc_nano.a(libc_a-isattyr.o)
                                 0x13 (size before relaxing)
 .comment       0x00000031        0x0 /home/blank/Engineering/MCU/WCH_1/toolchain/riscv32/bin/../lib/gcc/riscv32-wch-elf/15.2.0/../../../../riscv32-wch-elf/lib/rv32imac_zaamo_zalrsc_xw/ilp32/libc_nano.a(libc_a-sbrkr.o)
                                 0x13 (size before relaxing)
 .comment       0x00000031        0x0 /home/blank/Engineering/MCU/WCH_1/toolchain/riscv32/bin/../lib/gcc/riscv32-wch-elf/15.2.0/../../../../riscv32-wch-elf/lib/rv32imac_zaamo_zalrsc_xw/ilp32/libnosys.a(close.o)
                                 0x13 (size before relaxing)
 .comment       0x00000031        0x0 /home/blank/Engineering/MCU/WCH_1/toolchain/riscv32/bin/../lib/gcc/riscv32-wch-elf/15.2.0/../../../../riscv32-wch-elf/lib/rv32imac_zaamo_zalrsc_xw/ilp32/libnosys.a(fstat.o)
                                 0x13 (size before relaxing)
 .comment       0x00000031        0x0 /home/blank/Engineering/MCU/WCH_1/toolchain/riscv32/bin/../lib/gcc/riscv32-wch-elf/15.2.0/../../../../riscv32-wch-elf/lib/rv32imac_zaamo_zalrsc_xw/ilp32/libnosys.a(isatty.o)
                                 0x13 (size before relaxing)
 .comment       0x00000031        0x0 /home/blank/Engineering/MCU/WCH_1/toolchain/riscv32/bin/../lib/gcc/riscv32-wch-elf/15.2.0/../../../../riscv32-wch-elf/lib/rv32imac_zaamo_zalrsc_xw/ilp32/libnosys.a(lseek.o)
                                 0x13 (size before relaxing)
 .comment       0x00000031        0x0 /home/blank/Engineering/MCU/WCH_1/toolchain/riscv32/bin/../lib/gcc/riscv32-wch-elf/15.2.0/../../../../riscv32-wch-elf/lib/rv32imac_zaamo_zalrsc_xw/ilp32/libnosys.a(read.o)
                                 0x13 (size before relaxing)

.note.GNU-stack
                0x00000000        0x0
 .note.GNU-stack
                0x00000000        0x0 CMakeFiles/Programmator.elf.dir/Project/Programmator/main.c.obj
 .note.GNU-stack
                0x00000000        0x0 CMakeFiles/Programmator.elf.dir/Project/Programmator/ssd1306/oled_segment.c.obj
 .note.GNU-stack
                0x00000000        0x0 CMakeFiles/Programmator.elf.dir/Project/Programmator/ssd1306/i2c_tx.c.obj
 .note.GNU-stack
                0x00000000        0x0 libch32_sdk.a(ch32v30x_gpio.c.obj)
 .note.GNU-stack
                0x00000000        0x0 libch32_sdk.a(ch32v30x_i2c.c.obj)
 .note.GNU-stack
                0x00000000        0x0 libch32_sdk.a(ch32v30x_rcc.c.obj)
 .note.GNU-stack
                0x00000000        0x0 libch32_sdk.a(system_ch32v30x.c.obj)
 .note.GNU-stack
                0x00000000        0x0 libch32_sdk.a(debug.c.obj)
 .note.GNU-stack
                0x00000000        0x0 libch32_sdk.a(ch32v30x_usart.c.obj)
 .note.GNU-stack
                0x00000000        0x0 /home/blank/Engineering/MCU/WCH_1/toolchain/riscv32/bin/../lib/gcc/riscv32-wch-elf/15.2.0/../../../../riscv32-wch-elf/lib/rv32imac_zaamo_zalrsc_xw/ilp32/libc_nano.a(libc_a-atexit.o)
 .note.GNU-stack
                0x00000000        0x0 /home/blank/Engineering/MCU/WCH_1/toolchain/riscv32/bin/../lib/gcc/riscv32-wch-elf/15.2.0/../../../../riscv32-wch-elf/lib/rv32imac_zaamo_zalrsc_xw/ilp32/libc_nano.a(libc_a-printf.o)
 .note.GNU-stack
                0x00000000        0x0 /home/blank/Engineering/MCU/WCH_1/toolchain/riscv32/bin/../lib/gcc/riscv32-wch-elf/15.2.0/../../../../riscv32-wch-elf/lib/rv32imac_zaamo_zalrsc_xw/ilp32/libc_nano.a(libc_a-impure.o)
 .note.GNU-stack
                0x00000000        0x0 /home/blank/Engineering/MCU/WCH_1/toolchain/riscv32/bin/../lib/gcc/riscv32-wch-elf/15.2.0/../../../../riscv32-wch-elf/lib/rv32imac_zaamo_zalrsc_xw/ilp32/libc_nano.a(libc_a-init.o)
 .note.GNU-stack
                0x00000000        0x0 /home/blank/Engineering/MCU/WCH_1/toolchain/riscv32/bin/../lib/gcc/riscv32-wch-elf/15.2.0/../../../../riscv32-wch-elf/lib/rv32imac_zaamo_zalrsc_xw/ilp32/libc_nano.a(libc_a-fini.o)
 .note.GNU-stack
                0x00000000        0x0 /home/blank/Engineering/MCU/WCH_1/toolchain/riscv32/bin/../lib/gcc/riscv32-wch-elf/15.2.0/../../../../riscv32-wch-elf/lib/rv32imac_zaamo_zalrsc_xw/ilp32/libc_nano.a(libc_a-__atexit.o)
 .note.GNU-stack
                0x00000000        0x0 /home/blank/Engineering/MCU/WCH_1/toolchain/riscv32/bin/../lib/gcc/riscv32-wch-elf/15.2.0/../../../../riscv32-wch-elf/lib/rv32imac_zaamo_zalrsc_xw/ilp32/libc_nano.a(libc_a-__call_atexit.o)
 .note.GNU-stack
                0x00000000        0x0 /home/blank/Engineering/MCU/WCH_1/toolchain/riscv32/bin/../lib/gcc/riscv32-wch-elf/15.2.0/../../../../riscv32-wch-elf/lib/rv32imac_zaamo_zalrsc_xw/ilp32/libc_nano.a(libc_a-nano-vfprintf.o)
 .note.GNU-stack
                0x00000000        0x0 /home/blank/Engineering/MCU/WCH_1/toolchain/riscv32/bin/../lib/gcc/riscv32-wch-elf/15.2.0/../../../../riscv32-wch-elf/lib/rv32imac_zaamo_zalrsc_xw/ilp32/libc_nano.a(libc_a-nano-vfprintf_i.o)
 .note.GNU-stack
                0x00000000        0x0 /home/blank/Engineering/MCU/WCH_1/toolchain/riscv32/bin/../lib/gcc/riscv32-wch-elf/15.2.0/../../../../riscv32-wch-elf/lib/rv32imac_zaamo_zalrsc_xw/ilp32/libc_nano.a(libc_a-findfp.o)
 .note.GNU-stack
                0x00000000        0x0 /home/blank/Engineering/MCU/WCH_1/toolchain/riscv32/bin/../lib/gcc/riscv32-wch-elf/15.2.0/../../../../riscv32-wch-elf/lib/rv32imac_zaamo_zalrsc_xw/ilp32/libc_nano.a(libc_a-fwalk.o)
 .note.GNU-stack
                0x00000000        0x0 /home/blank/Engineering/MCU/WCH_1/toolchain/riscv32/bin/../lib/gcc/riscv32-wch-elf/15.2.0/../../../../riscv32-wch-elf/lib/rv32imac_zaamo_zalrsc_xw/ilp32/libc_nano.a(libc_a-stdio.o)
 .note.GNU-stack
                0x00000000        0x0 /home/blank/Engineering/MCU/WCH_1/toolchain/riscv32/bin/../lib/gcc/riscv32-wch-elf/15.2.0/../../../../riscv32-wch-elf/lib/rv32imac_zaamo_zalrsc_xw/ilp32/libc_nano.a(libc_a-wbuf.o)
 .note.GNU-stack
                0x00000000        0x0 /home/blank/Engineering/MCU/WCH_1/toolchain/riscv32/bin/../lib/gcc/riscv32-wch-elf/15.2.0/../../../../riscv32-wch-elf/lib/rv32imac_zaamo_zalrsc_xw/ilp32/libc_nano.a(libc_a-wsetup.o)
 .note.GNU-stack
                0x00000000        0x0 /home/blank/Engineering/MCU/WCH_1/toolchain/riscv32/bin/../lib/gcc/riscv32-wch-elf/15.2.0/../../../../riscv32-wch-elf/lib/rv32imac_zaamo_zalrsc_xw/ilp32/libc_nano.a(libc_a-memchr.o)
 .note.GNU-stack
                0x00000000        0x0 /home/blank/Engineering/MCU/WCH_1/toolchain/riscv32/bin/../lib/gcc/riscv32-wch-elf/15.2.0/../../../../riscv32-wch-elf/lib/rv32imac_zaamo_zalrsc_xw/ilp32/libc_nano.a(libc_a-closer.o)
 .note.GNU-stack
                0x00000000        0x0 /home/blank/Engineering/MCU/WCH_1/toolchain/riscv32/bin/../lib/gcc/riscv32-wch-elf/15.2.0/../../../../riscv32-wch-elf/lib/rv32imac_zaamo_zalrsc_xw/ilp32/libc_nano.a(libc_a-reent.o)
 .note.GNU-stack
                0x00000000        0x0 /home/blank/Engineering/MCU/WCH_1/toolchain/riscv32/bin/../lib/gcc/riscv32-wch-elf/15.2.0/../../../../riscv32-wch-elf/lib/rv32imac_zaamo_zalrsc_xw/ilp32/libc_nano.a(libc_a-lseekr.o)
 .note.GNU-stack
                0x00000000        0x0 /home/blank/Engineering/MCU/WCH_1/toolchain/riscv32/bin/../lib/gcc/riscv32-wch-elf/15.2.0/../../../../riscv32-wch-elf/lib/rv32imac_zaamo_zalrsc_xw/ilp32/libc_nano.a(libc_a-readr.o)
 .note.GNU-stack
                0x00000000        0x0 /home/blank/Engineering/MCU/WCH_1/toolchain/riscv32/bin/../lib/gcc/riscv32-wch-elf/15.2.0/../../../../riscv32-wch-elf/lib/rv32imac_zaamo_zalrsc_xw/ilp32/libc_nano.a(libc_a-writer.o)
 .note.GNU-stack
                0x00000000        0x0 /home/blank/Engineering/MCU/WCH_1/toolchain/riscv32/bin/../lib/gcc/riscv32-wch-elf/15.2.0/../../../../riscv32-wch-elf/lib/rv32imac_zaamo_zalrsc_xw/ilp32/libc_nano.a(libc_a-freer.o)
 .note.GNU-stack
                0x00000000        0x0 /home/blank/Engineering/MCU/WCH_1/toolchain/riscv32/bin/../lib/gcc/riscv32-wch-elf/15.2.0/../../../../riscv32-wch-elf/lib/rv32imac_zaamo_zalrsc_xw/ilp32/libc_nano.a(libc_a-mallocr.o)
 .note.GNU-stack
                0x00000000        0x0 /home/blank/Engineering/MCU/WCH_1/toolchain/riscv32/bin/../lib/gcc/riscv32-wch-elf/15.2.0/../../../../riscv32-wch-elf/lib/rv32imac_zaamo_zalrsc_xw/ilp32/libc_nano.a(libc_a-mlock.o)
 .note.GNU-stack
                0x00000000        0x0 /home/blank/Engineering/MCU/WCH_1/toolchain/riscv32/bin/../lib/gcc/riscv32-wch-elf/15.2.0/../../../../riscv32-wch-elf/lib/rv32imac_zaamo_zalrsc_xw/ilp32/libc_nano.a(libc_a-fflush.o)
 .note.GNU-stack
                0x00000000        0x0 /home/blank/Engineering/MCU/WCH_1/toolchain/riscv32/bin/../lib/gcc/riscv32-wch-elf/15.2.0/../../../../riscv32-wch-elf/lib/rv32imac_zaamo_zalrsc_xw/ilp32/libc_nano.a(libc_a-makebuf.o)
 .note.GNU-stack
                0x00000000        0x0 /home/blank/Engineering/MCU/WCH_1/toolchain/riscv32/bin/../lib/gcc/riscv32-wch-elf/15.2.0/../../../../riscv32-wch-elf/lib/rv32imac_zaamo_zalrsc_xw/ilp32/libc_nano.a(libc_a-fstatr.o)
 .note.GNU-stack
                0x00000000        0x0 /home/blank/Engineering/MCU/WCH_1/toolchain/riscv32/bin/../lib/gcc/riscv32-wch-elf/15.2.0/../../../../riscv32-wch-elf/lib/rv32imac_zaamo_zalrsc_xw/ilp32/libc_nano.a(libc_a-isattyr.o)
 .note.GNU-stack
                0x00000000        0x0 /home/blank/Engineering/MCU/WCH_1/toolchain/riscv32/bin/../lib/gcc/riscv32-wch-elf/15.2.0/../../../../riscv32-wch-elf/lib/rv32imac_zaamo_zalrsc_xw/ilp32/libc_nano.a(libc_a-sbrkr.o)
 .note.GNU-stack
                0x00000000        0x0 /home/blank/Engineering/MCU/WCH_1/toolchain/riscv32/bin/../lib/gcc/riscv32-wch-elf/15.2.0/../../../../riscv32-wch-elf/lib/rv32imac_zaamo_zalrsc_xw/ilp32/libnosys.a(close.o)
 .note.GNU-stack
                0x00000000        0x0 /home/blank/Engineering/MCU/WCH_1/toolchain/riscv32/bin/../lib/gcc/riscv32-wch-elf/15.2.0/../../../../riscv32-wch-elf/lib/rv32imac_zaamo_zalrsc_xw/ilp32/libnosys.a(fstat.o)
 .note.GNU-stack
                0x00000000        0x0 /home/blank/Engineering/MCU/WCH_1/toolchain/riscv32/bin/../lib/gcc/riscv32-wch-elf/15.2.0/../../../../riscv32-wch-elf/lib/rv32imac_zaamo_zalrsc_xw/ilp32/libnosys.a(isatty.o)
 .note.GNU-stack
                0x00000000        0x0 /home/blank/Engineering/MCU/WCH_1/toolchain/riscv32/bin/../lib/gcc/riscv32-wch-elf/15.2.0/../../../../riscv32-wch-elf/lib/rv32imac_zaamo_zalrsc_xw/ilp32/libnosys.a(lseek.o)
 .note.GNU-stack
                0x00000000        0x0 /home/blank/Engineering/MCU/WCH_1/toolchain/riscv32/bin/../lib/gcc/riscv32-wch-elf/15.2.0/../../../../riscv32-wch-elf/lib/rv32imac_zaamo_zalrsc_xw/ilp32/libnosys.a(read.o)

.riscv.attributes
                0x00000000       0x54
 .riscv.attributes
                0x00000000       0x54 CMakeFiles/Programmator.elf.dir/Project/Programmator/main.c.obj
 .riscv.attributes
                0x00000054       0x54 CMakeFiles/Programmator.elf.dir/Project/Programmator/ssd1306/oled_segment.c.obj
 .riscv.attributes
                0x000000a8       0x54 CMakeFiles/Programmator.elf.dir/Project/Programmator/ssd1306/i2c_tx.c.obj
 .riscv.attributes
                0x000000fc       0x54 libch32_sdk.a(ch32v30x_gpio.c.obj)
 .riscv.attributes
                0x00000150       0x54 libch32_sdk.a(ch32v30x_i2c.c.obj)
 .riscv.attributes
                0x000001a4       0x54 libch32_sdk.a(ch32v30x_rcc.c.obj)
 .riscv.attributes
                0x000001f8       0x54 libch32_sdk.a(system_ch32v30x.c.obj)
 .riscv.attributes
                0x0000024c       0x54 libch32_sdk.a(debug.c.obj)
 .riscv.attributes
                0x000002a0       0x54 libch32_sdk.a(ch32v30x_usart.c.obj)
 .riscv.attributes
                0x000002f4       0x54 /home/blank/Engineering/MCU/WCH_1/toolchain/riscv32/bin/../lib/gcc/riscv32-wch-elf/15.2.0/../../../../riscv32-wch-elf/lib/rv32imac_zaamo_zalrsc_xw/ilp32/libc_nano.a(libc_a-atexit.o)
 .riscv.attributes
                0x00000348       0x54 /home/blank/Engineering/MCU/WCH_1/toolchain/riscv32/bin/../lib/gcc/riscv32-wch-elf/15.2.0/../../../../riscv32-wch-elf/lib/rv32imac_zaamo_zalrsc_xw/ilp32/libc_nano.a(libc_a-printf.o)
 .riscv.attributes
                0x0000039c       0x54 /home/blank/Engineering/MCU/WCH_1/toolchain/riscv32/bin/../lib/gcc/riscv32-wch-elf/15.2.0/../../../../riscv32-wch-elf/lib/rv32imac_zaamo_zalrsc_xw/ilp32/libc_nano.a(libc_a-impure.o)
 .riscv.attributes
                0x000003f0       0x54 /home/blank/Engineering/MCU/WCH_1/toolchain/riscv32/bin/../lib/gcc/riscv32-wch-elf/15.2.0/../../../../riscv32-wch-elf/lib/rv32imac_zaamo_zalrsc_xw/ilp32/libc_nano.a(libc_a-init.o)
 .riscv.attributes
                0x00000444       0x54 /home/blank/Engineering/MCU/WCH_1/toolchain/riscv32/bin/../lib/gcc/riscv32-wch-elf/15.2.0/../../../../riscv32-wch-elf/lib/rv32imac_zaamo_zalrsc_xw/ilp32/libc_nano.a(libc_a-fini.o)
 .riscv.attributes
                0x00000498       0x54 /home/blank/Engineering/MCU/WCH_1/toolchain/riscv32/bin/../lib/gcc/riscv32-wch-elf/15.2.0/../../../../riscv32-wch-elf/lib/rv32imac_zaamo_zalrsc_xw/ilp32/libc_nano.a(libc_a-__atexit.o)
 .riscv.attributes
                0x000004ec       0x54 /home/blank/Engineering/MCU/WCH_1/toolchain/riscv32/bin/../lib/gcc/riscv32-wch-elf/15.2.0/../../../../riscv32-wch-elf/lib/rv32imac_zaamo_zalrsc_xw/ilp32/libc_nano.a(libc_a-__call_atexit.o)
 .riscv.attributes
                0x00000540       0x54 /home/blank/Engineering/MCU/WCH_1/toolchain/riscv32/bin/../lib/gcc/riscv32-wch-elf/15.2.0/../../../../riscv32-wch-elf/lib/rv32imac_zaamo_zalrsc_xw/ilp32/libc_nano.a(libc_a-nano-vfprintf.o)
 .riscv.attributes
                0x00000594       0x54 /home/blank/Engineering/MCU/WCH_1/toolchain/riscv32/bin/../lib/gcc/riscv32-wch-elf/15.2.0/../../../../riscv32-wch-elf/lib/rv32imac_zaamo_zalrsc_xw/ilp32/libc_nano.a(libc_a-nano-vfprintf_i.o)
 .riscv.attributes
                0x000005e8       0x54 /home/blank/Engineering/MCU/WCH_1/toolchain/riscv32/bin/../lib/gcc/riscv32-wch-elf/15.2.0/../../../../riscv32-wch-elf/lib/rv32imac_zaamo_zalrsc_xw/ilp32/libc_nano.a(libc_a-findfp.o)
 .riscv.attributes
                0x0000063c       0x54 /home/blank/Engineering/MCU/WCH_1/toolchain/riscv32/bin/../lib/gcc/riscv32-wch-elf/15.2.0/../../../../riscv32-wch-elf/lib/rv32imac_zaamo_zalrsc_xw/ilp32/libc_nano.a(libc_a-fwalk.o)
 .riscv.attributes
                0x00000690       0x54 /home/blank/Engineering/MCU/WCH_1/toolchain/riscv32/bin/../lib/gcc/riscv32-wch-elf/15.2.0/../../../../riscv32-wch-elf/lib/rv32imac_zaamo_zalrsc_xw/ilp32/libc_nano.a(libc_a-stdio.o)
 .riscv.attributes
                0x000006e4       0x54 /home/blank/Engineering/MCU/WCH_1/toolchain/riscv32/bin/../lib/gcc/riscv32-wch-elf/15.2.0/../../../../riscv32-wch-elf/lib/rv32imac_zaamo_zalrsc_xw/ilp32/libc_nano.a(libc_a-wbuf.o)
 .riscv.attributes
                0x00000738       0x54 /home/blank/Engineering/MCU/WCH_1/toolchain/riscv32/bin/../lib/gcc/riscv32-wch-elf/15.2.0/../../../../riscv32-wch-elf/lib/rv32imac_zaamo_zalrsc_xw/ilp32/libc_nano.a(libc_a-wsetup.o)
 .riscv.attributes
                0x0000078c       0x54 /home/blank/Engineering/MCU/WCH_1/toolchain/riscv32/bin/../lib/gcc/riscv32-wch-elf/15.2.0/../../../../riscv32-wch-elf/lib/rv32imac_zaamo_zalrsc_xw/ilp32/libc_nano.a(libc_a-memchr.o)
 .riscv.attributes
                0x000007e0       0x54 /home/blank/Engineering/MCU/WCH_1/toolchain/riscv32/bin/../lib/gcc/riscv32-wch-elf/15.2.0/../../../../riscv32-wch-elf/lib/rv32imac_zaamo_zalrsc_xw/ilp32/libc_nano.a(libc_a-closer.o)
 .riscv.attributes
                0x00000834       0x54 /home/blank/Engineering/MCU/WCH_1/toolchain/riscv32/bin/../lib/gcc/riscv32-wch-elf/15.2.0/../../../../riscv32-wch-elf/lib/rv32imac_zaamo_zalrsc_xw/ilp32/libc_nano.a(libc_a-reent.o)
 .riscv.attributes
                0x00000888       0x54 /home/blank/Engineering/MCU/WCH_1/toolchain/riscv32/bin/../lib/gcc/riscv32-wch-elf/15.2.0/../../../../riscv32-wch-elf/lib/rv32imac_zaamo_zalrsc_xw/ilp32/libc_nano.a(libc_a-lseekr.o)
 .riscv.attributes
                0x000008dc       0x54 /home/blank/Engineering/MCU/WCH_1/toolchain/riscv32/bin/../lib/gcc/riscv32-wch-elf/15.2.0/../../../../riscv32-wch-elf/lib/rv32imac_zaamo_zalrsc_xw/ilp32/libc_nano.a(libc_a-readr.o)
 .riscv.attributes
                0x00000930       0x54 /home/blank/Engineering/MCU/WCH_1/toolchain/riscv32/bin/../lib/gcc/riscv32-wch-elf/15.2.0/../../../../riscv32-wch-elf/lib/rv32imac_zaamo_zalrsc_xw/ilp32/libc_nano.a(libc_a-writer.o)
 .riscv.attributes
                0x00000984       0x54 /home/blank/Engineering/MCU/WCH_1/toolchain/riscv32/bin/../lib/gcc/riscv32-wch-elf/15.2.0/../../../../riscv32-wch-elf/lib/rv32imac_zaamo_zalrsc_xw/ilp32/libc_nano.a(libc_a-freer.o)
 .riscv.attributes
                0x000009d8       0x54 /home/blank/Engineering/MCU/WCH_1/toolchain/riscv32/bin/../lib/gcc/riscv32-wch-elf/15.2.0/../../../../riscv32-wch-elf/lib/rv32imac_zaamo_zalrsc_xw/ilp32/libc_nano.a(libc_a-mallocr.o)
 .riscv.attributes
                0x00000a2c       0x54 /home/blank/Engineering/MCU/WCH_1/toolchain/riscv32/bin/../lib/gcc/riscv32-wch-elf/15.2.0/../../../../riscv32-wch-elf/lib/rv32imac_zaamo_zalrsc_xw/ilp32/libc_nano.a(libc_a-mlock.o)
 .riscv.attributes
                0x00000a80       0x54 /home/blank/Engineering/MCU/WCH_1/toolchain/riscv32/bin/../lib/gcc/riscv32-wch-elf/15.2.0/../../../../riscv32-wch-elf/lib/rv32imac_zaamo_zalrsc_xw/ilp32/libc_nano.a(libc_a-fflush.o)
 .riscv.attributes
                0x00000ad4       0x54 /home/blank/Engineering/MCU/WCH_1/toolchain/riscv32/bin/../lib/gcc/riscv32-wch-elf/15.2.0/../../../../riscv32-wch-elf/lib/rv32imac_zaamo_zalrsc_xw/ilp32/libc_nano.a(libc_a-makebuf.o)
 .riscv.attributes
                0x00000b28       0x54 /home/blank/Engineering/MCU/WCH_1/toolchain/riscv32/bin/../lib/gcc/riscv32-wch-elf/15.2.0/../../../../riscv32-wch-elf/lib/rv32imac_zaamo_zalrsc_xw/ilp32/libc_nano.a(libc_a-fstatr.o)
 .riscv.attributes
                0x00000b7c       0x54 /home/blank/Engineering/MCU/WCH_1/toolchain/riscv32/bin/../lib/gcc/riscv32-wch-elf/15.2.0/../../../../riscv32-wch-elf/lib/rv32imac_zaamo_zalrsc_xw/ilp32/libc_nano.a(libc_a-isattyr.o)
 .riscv.attributes
                0x00000bd0       0x54 /home/blank/Engineering/MCU/WCH_1/toolchain/riscv32/bin/../lib/gcc/riscv32-wch-elf/15.2.0/../../../../riscv32-wch-elf/lib/rv32imac_zaamo_zalrsc_xw/ilp32/libc_nano.a(libc_a-sbrkr.o)
 .riscv.attributes
                0x00000c24       0x54 /home/blank/Engineering/MCU/WCH_1/toolchain/riscv32/bin/../lib/gcc/riscv32-wch-elf/15.2.0/../../../../riscv32-wch-elf/lib/rv32imac_zaamo_zalrsc_xw/ilp32/libnosys.a(close.o)
 .riscv.attributes
                0x00000c78       0x54 /home/blank/Engineering/MCU/WCH_1/toolchain/riscv32/bin/../lib/gcc/riscv32-wch-elf/15.2.0/../../../../riscv32-wch-elf/lib/rv32imac_zaamo_zalrsc_xw/ilp32/libnosys.a(fstat.o)
 .riscv.attributes
                0x00000ccc       0x54 /home/blank/Engineering/MCU/WCH_1/toolchain/riscv32/bin/../lib/gcc/riscv32-wch-elf/15.2.0/../../../../riscv32-wch-elf/lib/rv32imac_zaamo_zalrsc_xw/ilp32/libnosys.a(isatty.o)
 .riscv.attributes
                0x00000d20       0x54 /home/blank/Engineering/MCU/WCH_1/toolchain/riscv32/bin/../lib/gcc/riscv32-wch-elf/15.2.0/../../../../riscv32-wch-elf/lib/rv32imac_zaamo_zalrsc_xw/ilp32/libnosys.a(lseek.o)
 .riscv.attributes
                0x00000d74       0x54 /home/blank/Engineering/MCU/WCH_1/toolchain/riscv32/bin/../lib/gcc/riscv32-wch-elf/15.2.0/../../../../riscv32-wch-elf/lib/rv32imac_zaamo_zalrsc_xw/ilp32/libnosys.a(read.o)

.debug_frame    0x00000000      0xdcc
 .debug_frame   0x00000000       0x28 CMakeFiles/Programmator.elf.dir/Project/Programmator/main.c.obj
 .debug_frame   0x00000028      0x368 CMakeFiles/Programmator.elf.dir/Project/Programmator/ssd1306/oled_segment.c.obj
 .debug_frame   0x00000390       0x64 CMakeFiles/Programmator.elf.dir/Project/Programmator/ssd1306/i2c_tx.c.obj
 .debug_frame   0x000003f4      0x148 libch32_sdk.a(ch32v30x_gpio.c.obj)
 .debug_frame   0x0000053c      0x258 libch32_sdk.a(ch32v30x_i2c.c.obj)
 .debug_frame   0x00000794      0x340 libch32_sdk.a(ch32v30x_rcc.c.obj)
 .debug_frame   0x00000ad4       0x3c libch32_sdk.a(system_ch32v30x.c.obj)
 .debug_frame   0x00000b10       0xb8 libch32_sdk.a(debug.c.obj)
 .debug_frame   0x00000bc8      0x204 libch32_sdk.a(ch32v30x_usart.c.obj)

.debug_loclists
                0x00000000     0x2108
 .debug_loclists
                0x00000000      0x783 CMakeFiles/Programmator.elf.dir/Project/Programmator/ssd1306/oled_segment.c.obj
 .debug_loclists
                0x00000783      0x4c8 libch32_sdk.a(ch32v30x_gpio.c.obj)
 .debug_loclists
                0x00000c4b      0x60b libch32_sdk.a(ch32v30x_i2c.c.obj)
 .debug_loclists
                0x00001256      0x6cf libch32_sdk.a(ch32v30x_rcc.c.obj)
 .debug_loclists
                0x00001925       0xaf libch32_sdk.a(system_ch32v30x.c.obj)
 .debug_loclists
                0x000019d4       0xef libch32_sdk.a(debug.c.obj)
 .debug_loclists
                0x00001ac3      0x645 libch32_sdk.a(ch32v30x_usart.c.obj)
