Archive member included to satisfy reference by file (symbol)

libch32_sdk.a(ch32v30x_gpio.c.obj)
                              CMakeFiles/Programmator.elf.dir/Project/Programmator/ssd1306/i2c_tx.c.obj (GPIO_Init)
libch32_sdk.a(ch32v30x_i2c.c.obj)
                              CMakeFiles/Programmator.elf.dir/Project/Programmator/ssd1306/i2c_tx.c.obj (I2C_Init)
libch32_sdk.a(ch32v30x_rcc.c.obj)
                              libch32_sdk.a(ch32v30x_i2c.c.obj) (RCC_GetClocksFreq)
libch32_sdk.a(system_ch32v30x.c.obj)
                              CMakeFiles/Programmator.elf.dir/Project/Programmator/main.c.obj (SystemInit)
libch32_sdk.a(debug.c.obj)    CMakeFiles/Programmator.elf.dir/Project/Programmator/main.c.obj (Delay_Init)
libch32_sdk.a(startup_ch32v30x_D8C.S.obj)
                              (_start)
libch32_sdk.a(ch32v30x_usart.c.obj)
                              libch32_sdk.a(debug.c.obj) (USART_Init)
/home/blank/Engineering/MCU/WCH/toolchain/riscv32/bin/../lib/gcc/riscv32-wch-elf/15.2.0/rv32imac_zaamo_zalrsc_xw/ilp32/libgcc.a(save-restore.o)
                              CMakeFiles/Programmator.elf.dir/Project/Programmator/ssd1306/oled_segment.c.obj (__riscv_save_12)
/home/blank/Engineering/MCU/WCH/toolchain/riscv32/bin/../lib/gcc/riscv32-wch-elf/15.2.0/../../../../riscv32-wch-elf/lib/rv32imac_zaamo_zalrsc_xw/ilp32/libc_nano.a(libc_a-atexit.o)
                              libch32_sdk.a(startup_ch32v30x_D8C.S.obj) (atexit)
/home/blank/Engineering/MCU/WCH/toolchain/riscv32/bin/../lib/gcc/riscv32-wch-elf/15.2.0/../../../../riscv32-wch-elf/lib/rv32imac_zaamo_zalrsc_xw/ilp32/libc_nano.a(libc_a-init.o)
                              libch32_sdk.a(startup_ch32v30x_D8C.S.obj) (__libc_init_array)
/home/blank/Engineering/MCU/WCH/toolchain/riscv32/bin/../lib/gcc/riscv32-wch-elf/15.2.0/../../../../riscv32-wch-elf/lib/rv32imac_zaamo_zalrsc_xw/ilp32/libc_nano.a(libc_a-fini.o)
                              libch32_sdk.a(startup_ch32v30x_D8C.S.obj) (__libc_fini_array)
/home/blank/Engineering/MCU/WCH/toolchain/riscv32/bin/../lib/gcc/riscv32-wch-elf/15.2.0/../../../../riscv32-wch-elf/lib/rv32imac_zaamo_zalrsc_xw/ilp32/libc_nano.a(libc_a-memcpy-asm.o)
                              CMakeFiles/Programmator.elf.dir/Project/Programmator/ssd1306/i2c_tx.c.obj (memcpy)
/home/blank/Engineering/MCU/WCH/toolchain/riscv32/bin/../lib/gcc/riscv32-wch-elf/15.2.0/../../../../riscv32-wch-elf/lib/rv32imac_zaamo_zalrsc_xw/ilp32/libc_nano.a(libc_a-__atexit.o)
                              /home/blank/Engineering/MCU/WCH/toolchain/riscv32/bin/../lib/gcc/riscv32-wch-elf/15.2.0/../../../../riscv32-wch-elf/lib/rv32imac_zaamo_zalrsc_xw/ilp32/libc_nano.a(libc_a-atexit.o) (__register_exitproc)
/home/blank/Engineering/MCU/WCH/toolchain/riscv32/bin/../lib/gcc/riscv32-wch-elf/15.2.0/../../../../riscv32-wch-elf/lib/rv32imac_zaamo_zalrsc_xw/ilp32/libc_nano.a(libc_a-__call_atexit.o)
                              /home/blank/Engineering/MCU/WCH/toolchain/riscv32/bin/../lib/gcc/riscv32-wch-elf/15.2.0/../../../../riscv32-wch-elf/lib/rv32imac_zaamo_zalrsc_xw/ilp32/libc_nano.a(libc_a-__atexit.o) (__call_exitprocs)

Discarded input sections

 .text          0x00000000        0x0 CMakeFiles/Programmator.elf.dir/Project/Programmator/main.c.obj
 .data          0x00000000        0x0 CMakeFiles/Programmator.elf.dir/Project/Programmator/main.c.obj
 .bss           0x00000000        0x0 CMakeFiles/Programmator.elf.dir/Project/Programmator/main.c.obj
 .text          0x00000000        0x0 CMakeFiles/Programmator.elf.dir/Project/Programmator/ssd1306/oled_segment.c.obj
 .data          0x00000000        0x0 CMakeFiles/Programmator.elf.dir/Project/Programmator/ssd1306/oled_segment.c.obj
 .bss           0x00000000        0x0 CMakeFiles/Programmator.elf.dir/Project/Programmator/ssd1306/oled_segment.c.obj
 .text.OLED_println
                0x00000000       0x2a CMakeFiles/Programmator.elf.dir/Project/Programmator/ssd1306/oled_segment.c.obj
 .text.OLED_printD
                0x00000000       0x64 CMakeFiles/Programmator.elf.dir/Project/Programmator/ssd1306/oled_segment.c.obj
 .text.OLED_printN
                0x00000000       0x1c CMakeFiles/Programmator.elf.dir/Project/Programmator/ssd1306/oled_segment.c.obj
 .text.OLED_printB
                0x00000000       0x30 CMakeFiles/Programmator.elf.dir/Project/Programmator/ssd1306/oled_segment.c.obj
 .text.OLED_printW
                0x00000000       0x30 CMakeFiles/Programmator.elf.dir/Project/Programmator/ssd1306/oled_segment.c.obj
 .text.OLED_printL
                0x00000000       0x32 CMakeFiles/Programmator.elf.dir/Project/Programmator/ssd1306/oled_segment.c.obj
 .text.ssd1306_start_data
                0x00000000       0x28 CMakeFiles/Programmator.elf.dir/Project/Programmator/ssd1306/oled_segment.c.obj
 .text.OLED_fill
                0x00000000       0x5e CMakeFiles/Programmator.elf.dir/Project/Programmator/ssd1306/oled_segment.c.obj
 .text.OLED_DrawBitmap
                0x00000000       0xc6 CMakeFiles/Programmator.elf.dir/Project/Programmator/ssd1306/oled_segment.c.obj
 .text.OLED_DrawPixel
                0x00000000       0x38 CMakeFiles/Programmator.elf.dir/Project/Programmator/ssd1306/oled_segment.c.obj
 .text.OLED_DrawLine
                0x00000000       0x68 CMakeFiles/Programmator.elf.dir/Project/Programmator/ssd1306/oled_segment.c.obj
 .text.OLED_DrawMultipleLines
                0x00000000       0x44 CMakeFiles/Programmator.elf.dir/Project/Programmator/ssd1306/oled_segment.c.obj
 .text.OLED_DisplayBuffer
                0x00000000       0x5e CMakeFiles/Programmator.elf.dir/Project/Programmator/ssd1306/oled_segment.c.obj
 .text.OLED_DrawLogo
                0x00000000       0xb2 CMakeFiles/Programmator.elf.dir/Project/Programmator/ssd1306/oled_segment.c.obj
 .rodata.DIVIDER
                0x00000000       0x28 CMakeFiles/Programmator.elf.dir/Project/Programmator/ssd1306/oled_segment.c.obj
 .rodata.OLED_INIT_CMD
                0x00000000        0xb CMakeFiles/Programmator.elf.dir/Project/Programmator/ssd1306/oled_segment.c.obj
 .rodata.logo_bmp
                0x00000000      0x400 CMakeFiles/Programmator.elf.dir/Project/Programmator/ssd1306/oled_segment.c.obj
 .text          0x00000000        0x0 CMakeFiles/Programmator.elf.dir/Project/Programmator/ssd1306/i2c_tx.c.obj
 .data          0x00000000        0x0 CMakeFiles/Programmator.elf.dir/Project/Programmator/ssd1306/i2c_tx.c.obj
 .bss           0x00000000        0x0 CMakeFiles/Programmator.elf.dir/Project/Programmator/ssd1306/i2c_tx.c.obj
 .text          0x00000000        0x0 libch32_sdk.a(ch32v30x_gpio.c.obj)
 .data          0x00000000        0x0 libch32_sdk.a(ch32v30x_gpio.c.obj)
 .bss           0x00000000        0x0 libch32_sdk.a(ch32v30x_gpio.c.obj)
 .text.GPIO_DeInit
                0x00000000       0xac libch32_sdk.a(ch32v30x_gpio.c.obj)
 .text.GPIO_AFIODeInit
                0x00000000       0x28 libch32_sdk.a(ch32v30x_gpio.c.obj)
 .text.GPIO_StructInit
                0x00000000        0xe libch32_sdk.a(ch32v30x_gpio.c.obj)
 .text.GPIO_ReadInputDataBit
                0x00000000        0xc libch32_sdk.a(ch32v30x_gpio.c.obj)
 .text.GPIO_ReadInputData
                0x00000000        0x8 libch32_sdk.a(ch32v30x_gpio.c.obj)
 .text.GPIO_ReadOutputDataBit
                0x00000000        0xc libch32_sdk.a(ch32v30x_gpio.c.obj)
 .text.GPIO_ReadOutputData
                0x00000000        0x8 libch32_sdk.a(ch32v30x_gpio.c.obj)
 .text.GPIO_ResetBits
                0x00000000        0x4 libch32_sdk.a(ch32v30x_gpio.c.obj)
 .text.GPIO_WriteBit
                0x00000000        0xa libch32_sdk.a(ch32v30x_gpio.c.obj)
 .text.GPIO_Write
                0x00000000        0x4 libch32_sdk.a(ch32v30x_gpio.c.obj)
 .text.GPIO_PinLockConfig
                0x00000000       0x10 libch32_sdk.a(ch32v30x_gpio.c.obj)
 .text.GPIO_EventOutputConfig
                0x00000000       0x18 libch32_sdk.a(ch32v30x_gpio.c.obj)
 .text.GPIO_EventOutputCmd
                0x00000000       0x16 libch32_sdk.a(ch32v30x_gpio.c.obj)
 .text.GPIO_EXTILineConfig
                0x00000000       0x2c libch32_sdk.a(ch32v30x_gpio.c.obj)
 .text.GPIO_ETH_MediaInterfaceConfig
                0x00000000       0x1c libch32_sdk.a(ch32v30x_gpio.c.obj)
 .text          0x00000000        0x0 libch32_sdk.a(ch32v30x_i2c.c.obj)
 .data          0x00000000        0x0 libch32_sdk.a(ch32v30x_i2c.c.obj)
 .bss           0x00000000        0x0 libch32_sdk.a(ch32v30x_i2c.c.obj)
 .text.I2C_DeInit
                0x00000000       0x4c libch32_sdk.a(ch32v30x_i2c.c.obj)
 .text.I2C_StructInit
                0x00000000       0x18 libch32_sdk.a(ch32v30x_i2c.c.obj)
 .text.I2C_DMACmd
                0x00000000       0x1a libch32_sdk.a(ch32v30x_i2c.c.obj)
 .text.I2C_DMALastTransferCmd
                0x00000000       0x14 libch32_sdk.a(ch32v30x_i2c.c.obj)
 .text.I2C_GenerateSTART
                0x00000000       0x16 libch32_sdk.a(ch32v30x_i2c.c.obj)
 .text.I2C_GenerateSTOP
                0x00000000       0x16 libch32_sdk.a(ch32v30x_i2c.c.obj)
 .text.I2C_AcknowledgeConfig
                0x00000000       0x16 libch32_sdk.a(ch32v30x_i2c.c.obj)
 .text.I2C_OwnAddress2Config
                0x00000000       0x14 libch32_sdk.a(ch32v30x_i2c.c.obj)
 .text.I2C_DualAddressCmd
                0x00000000       0x14 libch32_sdk.a(ch32v30x_i2c.c.obj)
 .text.I2C_GeneralCallCmd
                0x00000000       0x16 libch32_sdk.a(ch32v30x_i2c.c.obj)
 .text.I2C_ITConfig
                0x00000000       0x12 libch32_sdk.a(ch32v30x_i2c.c.obj)
 .text.I2C_SendData
                0x00000000        0x4 libch32_sdk.a(ch32v30x_i2c.c.obj)
 .text.I2C_ReceiveData
                0x00000000        0x8 libch32_sdk.a(ch32v30x_i2c.c.obj)
 .text.I2C_Send7bitAddress
                0x00000000        0xe libch32_sdk.a(ch32v30x_i2c.c.obj)
 .text.I2C_ReadRegister
                0x00000000       0x14 libch32_sdk.a(ch32v30x_i2c.c.obj)
 .text.I2C_SoftwareResetCmd
                0x00000000       0x12 libch32_sdk.a(ch32v30x_i2c.c.obj)
 .text.I2C_NACKPositionConfig
                0x00000000       0x1e libch32_sdk.a(ch32v30x_i2c.c.obj)
 .text.I2C_SMBusAlertConfig
                0x00000000       0x18 libch32_sdk.a(ch32v30x_i2c.c.obj)
 .text.I2C_TransmitPEC
                0x00000000       0x14 libch32_sdk.a(ch32v30x_i2c.c.obj)
 .text.I2C_PECPositionConfig
                0x00000000        0x8 libch32_sdk.a(ch32v30x_i2c.c.obj)
 .text.I2C_CalculatePEC
                0x00000000       0x16 libch32_sdk.a(ch32v30x_i2c.c.obj)
 .text.I2C_GetPEC
                0x00000000        0x6 libch32_sdk.a(ch32v30x_i2c.c.obj)
 .text.I2C_ARPCmd
                0x00000000       0x14 libch32_sdk.a(ch32v30x_i2c.c.obj)
 .text.I2C_StretchClockCmd
                0x00000000       0x16 libch32_sdk.a(ch32v30x_i2c.c.obj)
 .text.I2C_FastModeDutyCycleConfig
                0x00000000       0x18 libch32_sdk.a(ch32v30x_i2c.c.obj)
 .text.I2C_CheckEvent
                0x00000000       0x16 libch32_sdk.a(ch32v30x_i2c.c.obj)
 .text.I2C_GetLastEvent
                0x00000000       0x10 libch32_sdk.a(ch32v30x_i2c.c.obj)
 .text.I2C_GetFlagStatus
                0x00000000       0x32 libch32_sdk.a(ch32v30x_i2c.c.obj)
 .text.I2C_ClearFlag
                0x00000000        0xc libch32_sdk.a(ch32v30x_i2c.c.obj)
 .text.I2C_GetITStatus
                0x00000000       0x1c libch32_sdk.a(ch32v30x_i2c.c.obj)
 .text.I2C_ClearITPendingBit
                0x00000000        0xc libch32_sdk.a(ch32v30x_i2c.c.obj)
 .text          0x00000000        0x0 libch32_sdk.a(ch32v30x_rcc.c.obj)
 .data          0x00000000        0x0 libch32_sdk.a(ch32v30x_rcc.c.obj)
 .bss           0x00000000        0x0 libch32_sdk.a(ch32v30x_rcc.c.obj)
 .text.RCC_DeInit
                0x00000000       0x52 libch32_sdk.a(ch32v30x_rcc.c.obj)
 .text.RCC_HSEConfig
                0x00000000       0x3c libch32_sdk.a(ch32v30x_rcc.c.obj)
 .text.RCC_AdjustHSICalibrationValue
                0x00000000       0x12 libch32_sdk.a(ch32v30x_rcc.c.obj)
 .text.RCC_HSICmd
                0x00000000       0x14 libch32_sdk.a(ch32v30x_rcc.c.obj)
 .text.RCC_PLLConfig
                0x00000000       0x2e libch32_sdk.a(ch32v30x_rcc.c.obj)
 .text.RCC_PLLCmd
                0x00000000       0x1c libch32_sdk.a(ch32v30x_rcc.c.obj)
 .text.RCC_SYSCLKConfig
                0x00000000        0xe libch32_sdk.a(ch32v30x_rcc.c.obj)
 .text.RCC_GetSYSCLKSource
                0x00000000        0xa libch32_sdk.a(ch32v30x_rcc.c.obj)
 .text.RCC_HCLKConfig
                0x00000000       0x10 libch32_sdk.a(ch32v30x_rcc.c.obj)
 .text.RCC_PCLK1Config
                0x00000000       0x10 libch32_sdk.a(ch32v30x_rcc.c.obj)
 .text.RCC_PCLK2Config
                0x00000000       0x16 libch32_sdk.a(ch32v30x_rcc.c.obj)
 .text.RCC_ITConfig
                0x00000000       0x18 libch32_sdk.a(ch32v30x_rcc.c.obj)
 .text.RCC_ADCCLKConfig
                0x00000000       0x12 libch32_sdk.a(ch32v30x_rcc.c.obj)
 .text.RCC_LSEConfig
                0x00000000       0x28 libch32_sdk.a(ch32v30x_rcc.c.obj)
 .text.RCC_LSICmd
                0x00000000       0x14 libch32_sdk.a(ch32v30x_rcc.c.obj)
 .text.RCC_RTCCLKConfig
                0x00000000        0xc libch32_sdk.a(ch32v30x_rcc.c.obj)
 .text.RCC_RTCCLKCmd
                0x00000000       0x18 libch32_sdk.a(ch32v30x_rcc.c.obj)
 .text.RCC_AHBPeriphClockCmd
                0x00000000       0x18 libch32_sdk.a(ch32v30x_rcc.c.obj)
 .text.RCC_APB2PeriphResetCmd
                0x00000000       0x18 libch32_sdk.a(ch32v30x_rcc.c.obj)
 .text.RCC_APB1PeriphResetCmd
                0x00000000       0x18 libch32_sdk.a(ch32v30x_rcc.c.obj)
 .text.RCC_BackupResetCmd
                0x00000000       0x18 libch32_sdk.a(ch32v30x_rcc.c.obj)
 .text.RCC_ClockSecuritySystemCmd
                0x00000000       0x1c libch32_sdk.a(ch32v30x_rcc.c.obj)
 .text.RCC_MCOConfig
                0x00000000        0x8 libch32_sdk.a(ch32v30x_rcc.c.obj)
 .text.RCC_GetFlagStatus
                0x00000000       0x26 libch32_sdk.a(ch32v30x_rcc.c.obj)
 .text.RCC_WaitForHSEStartUp
                0x00000000       0x4a libch32_sdk.a(ch32v30x_rcc.c.obj)
 .text.RCC_ClearFlag
                0x00000000       0x10 libch32_sdk.a(ch32v30x_rcc.c.obj)
 .text.RCC_GetITStatus
                0x00000000        0xe libch32_sdk.a(ch32v30x_rcc.c.obj)
 .text.RCC_ClearITPendingBit
                0x00000000        0x8 libch32_sdk.a(ch32v30x_rcc.c.obj)
 .text.RCC_PREDIV1Config
                0x00000000       0x14 libch32_sdk.a(ch32v30x_rcc.c.obj)
 .text.RCC_PREDIV2Config
                0x00000000       0x10 libch32_sdk.a(ch32v30x_rcc.c.obj)
 .text.RCC_PLL2Config
                0x00000000       0x14 libch32_sdk.a(ch32v30x_rcc.c.obj)
 .text.RCC_PLL2Cmd
                0x00000000       0x1c libch32_sdk.a(ch32v30x_rcc.c.obj)
 .text.RCC_PLL3Config
                0x00000000       0x12 libch32_sdk.a(ch32v30x_rcc.c.obj)
 .text.RCC_PLL3Cmd
                0x00000000       0x1c libch32_sdk.a(ch32v30x_rcc.c.obj)
 .text.RCC_OTGFSCLKConfig
                0x00000000       0x1a libch32_sdk.a(ch32v30x_rcc.c.obj)
 .text.RCC_I2S2CLKConfig
                0x00000000       0x18 libch32_sdk.a(ch32v30x_rcc.c.obj)
 .text.RCC_I2S3CLKConfig
                0x00000000       0x1a libch32_sdk.a(ch32v30x_rcc.c.obj)
 .text.RCC_AHBPeriphResetCmd
                0x00000000       0x18 libch32_sdk.a(ch32v30x_rcc.c.obj)
 .text.RCC_ADCCLKADJcmd
                0x00000000       0x18 libch32_sdk.a(ch32v30x_rcc.c.obj)
 .text.RCC_RNGCLKConfig
                0x00000000       0x1a libch32_sdk.a(ch32v30x_rcc.c.obj)
 .text.RCC_ETH1GCLKConfig
                0x00000000       0x1a libch32_sdk.a(ch32v30x_rcc.c.obj)
 .text.RCC_ETH1G_125Mcmd
                0x00000000       0x1c libch32_sdk.a(ch32v30x_rcc.c.obj)
 .text.RCC_USBHSConfig
                0x00000000       0x1a libch32_sdk.a(ch32v30x_rcc.c.obj)
 .text.RCC_USBHSPLLCLKConfig
                0x00000000       0x1a libch32_sdk.a(ch32v30x_rcc.c.obj)
 .text.RCC_USBHSPLLCKREFCLKConfig
                0x00000000       0x1a libch32_sdk.a(ch32v30x_rcc.c.obj)
 .text.RCC_USBHSPHYPLLALIVEcmd
                0x00000000       0x1c libch32_sdk.a(ch32v30x_rcc.c.obj)
 .text.RCC_USBCLK48MConfig
                0x00000000       0x16 libch32_sdk.a(ch32v30x_rcc.c.obj)
 .text          0x00000000        0x0 libch32_sdk.a(system_ch32v30x.c.obj)
 .data          0x00000000        0x0 libch32_sdk.a(system_ch32v30x.c.obj)
 .bss           0x00000000        0x0 libch32_sdk.a(system_ch32v30x.c.obj)
 .text          0x00000000        0x0 libch32_sdk.a(debug.c.obj)
 .data          0x00000000        0x0 libch32_sdk.a(debug.c.obj)
 .bss           0x00000000        0x0 libch32_sdk.a(debug.c.obj)
 .text.Delay_Us
                0x00000000       0x3a libch32_sdk.a(debug.c.obj)
 .text.Delay_Ms
                0x00000000       0x3a libch32_sdk.a(debug.c.obj)
 .text._write   0x00000000       0x52 libch32_sdk.a(debug.c.obj)
 .text._sbrk    0x00000000       0x2e libch32_sdk.a(debug.c.obj)
 .sdata.curbrk.0
                0x00000000        0x4 libch32_sdk.a(debug.c.obj)
 .text          0x00000000        0x0 libch32_sdk.a(startup_ch32v30x_D8C.S.obj)
 .data          0x00000000        0x0 libch32_sdk.a(startup_ch32v30x_D8C.S.obj)
 .bss           0x00000000        0x0 libch32_sdk.a(startup_ch32v30x_D8C.S.obj)
 .text          0x00000000        0x0 libch32_sdk.a(ch32v30x_usart.c.obj)
 .data          0x00000000        0x0 libch32_sdk.a(ch32v30x_usart.c.obj)
 .bss           0x00000000        0x0 libch32_sdk.a(ch32v30x_usart.c.obj)
 .text.USART_DeInit
                0x00000000      0x11a libch32_sdk.a(ch32v30x_usart.c.obj)
 .text.USART_StructInit
                0x00000000       0x18 libch32_sdk.a(ch32v30x_usart.c.obj)
 .text.USART_ClockInit
                0x00000000       0x1e libch32_sdk.a(ch32v30x_usart.c.obj)
 .text.USART_ClockStructInit
                0x00000000       0x12 libch32_sdk.a(ch32v30x_usart.c.obj)
 .text.USART_ITConfig
                0x00000000       0x38 libch32_sdk.a(ch32v30x_usart.c.obj)
 .text.USART_DMACmd
                0x00000000       0x12 libch32_sdk.a(ch32v30x_usart.c.obj)
 .text.USART_SetAddress
                0x00000000       0x12 libch32_sdk.a(ch32v30x_usart.c.obj)
 .text.USART_WakeUpConfig
                0x00000000       0x14 libch32_sdk.a(ch32v30x_usart.c.obj)
 .text.USART_ReceiverWakeUpCmd
                0x00000000       0x14 libch32_sdk.a(ch32v30x_usart.c.obj)
 .text.USART_LINBreakDetectLengthConfig
                0x00000000       0x14 libch32_sdk.a(ch32v30x_usart.c.obj)
 .text.USART_LINCmd
                0x00000000       0x14 libch32_sdk.a(ch32v30x_usart.c.obj)
 .text.USART_SendData
                0x00000000        0x8 libch32_sdk.a(ch32v30x_usart.c.obj)
 .text.USART_ReceiveData
                0x00000000        0x8 libch32_sdk.a(ch32v30x_usart.c.obj)
 .text.USART_SendBreak
                0x00000000        0xa libch32_sdk.a(ch32v30x_usart.c.obj)
 .text.USART_SetGuardTime
                0x00000000       0x12 libch32_sdk.a(ch32v30x_usart.c.obj)
 .text.USART_SetPrescaler
                0x00000000       0x14 libch32_sdk.a(ch32v30x_usart.c.obj)
 .text.USART_SmartCardCmd
                0x00000000       0x16 libch32_sdk.a(ch32v30x_usart.c.obj)
 .text.USART_SmartCardNACKCmd
                0x00000000       0x14 libch32_sdk.a(ch32v30x_usart.c.obj)
 .text.USART_HalfDuplexCmd
                0x00000000       0x14 libch32_sdk.a(ch32v30x_usart.c.obj)
 .text.USART_OverSampling8Cmd
                0x00000000       0x12 libch32_sdk.a(ch32v30x_usart.c.obj)
 .text.USART_OneBitMethodCmd
                0x00000000       0x1a libch32_sdk.a(ch32v30x_usart.c.obj)
 .text.USART_IrDAConfig
                0x00000000       0x12 libch32_sdk.a(ch32v30x_usart.c.obj)
 .text.USART_IrDACmd
                0x00000000       0x14 libch32_sdk.a(ch32v30x_usart.c.obj)
 .text.USART_GetFlagStatus
                0x00000000        0xa libch32_sdk.a(ch32v30x_usart.c.obj)
 .text.USART_ClearFlag
                0x00000000        0x8 libch32_sdk.a(ch32v30x_usart.c.obj)
 .text.USART_GetITStatus
                0x00000000       0x3a libch32_sdk.a(ch32v30x_usart.c.obj)
 .text.USART_ClearITPendingBit
                0x00000000       0x10 libch32_sdk.a(ch32v30x_usart.c.obj)
 .data          0x00000000        0x0 /home/blank/Engineering/MCU/WCH/toolchain/riscv32/bin/../lib/gcc/riscv32-wch-elf/15.2.0/rv32imac_zaamo_zalrsc_xw/ilp32/libgcc.a(save-restore.o)
 .bss           0x00000000        0x0 /home/blank/Engineering/MCU/WCH/toolchain/riscv32/bin/../lib/gcc/riscv32-wch-elf/15.2.0/rv32imac_zaamo_zalrsc_xw/ilp32/libgcc.a(save-restore.o)
 .eh_frame      0x00000000       0xf8 /home/blank/Engineering/MCU/WCH/toolchain/riscv32/bin/../lib/gcc/riscv32-wch-elf/15.2.0/rv32imac_zaamo_zalrsc_xw/ilp32/libgcc.a(save-restore.o)
 .text          0x00000000        0x0 /home/blank/Engineering/MCU/WCH/toolchain/riscv32/bin/../lib/gcc/riscv32-wch-elf/15.2.0/../../../../riscv32-wch-elf/lib/rv32imac_zaamo_zalrsc_xw/ilp32/libc_nano.a(libc_a-atexit.o)
 .data          0x00000000        0x0 /home/blank/Engineering/MCU/WCH/toolchain/riscv32/bin/../lib/gcc/riscv32-wch-elf/15.2.0/../../../../riscv32-wch-elf/lib/rv32imac_zaamo_zalrsc_xw/ilp32/libc_nano.a(libc_a-atexit.o)
 .bss           0x00000000        0x0 /home/blank/Engineering/MCU/WCH/toolchain/riscv32/bin/../lib/gcc/riscv32-wch-elf/15.2.0/../../../../riscv32-wch-elf/lib/rv32imac_zaamo_zalrsc_xw/ilp32/libc_nano.a(libc_a-atexit.o)
 .text          0x00000000        0x0 /home/blank/Engineering/MCU/WCH/toolchain/riscv32/bin/../lib/gcc/riscv32-wch-elf/15.2.0/../../../../riscv32-wch-elf/lib/rv32imac_zaamo_zalrsc_xw/ilp32/libc_nano.a(libc_a-init.o)
 .data          0x00000000        0x0 /home/blank/Engineering/MCU/WCH/toolchain/riscv32/bin/../lib/gcc/riscv32-wch-elf/15.2.0/../../../../riscv32-wch-elf/lib/rv32imac_zaamo_zalrsc_xw/ilp32/libc_nano.a(libc_a-init.o)
 .bss           0x00000000        0x0 /home/blank/Engineering/MCU/WCH/toolchain/riscv32/bin/../lib/gcc/riscv32-wch-elf/15.2.0/../../../../riscv32-wch-elf/lib/rv32imac_zaamo_zalrsc_xw/ilp32/libc_nano.a(libc_a-init.o)
 .text          0x00000000        0x0 /home/blank/Engineering/MCU/WCH/toolchain/riscv32/bin/../lib/gcc/riscv32-wch-elf/15.2.0/../../../../riscv32-wch-elf/lib/rv32imac_zaamo_zalrsc_xw/ilp32/libc_nano.a(libc_a-fini.o)
 .data          0x00000000        0x0 /home/blank/Engineering/MCU/WCH/toolchain/riscv32/bin/../lib/gcc/riscv32-wch-elf/15.2.0/../../../../riscv32-wch-elf/lib/rv32imac_zaamo_zalrsc_xw/ilp32/libc_nano.a(libc_a-fini.o)
 .bss           0x00000000        0x0 /home/blank/Engineering/MCU/WCH/toolchain/riscv32/bin/../lib/gcc/riscv32-wch-elf/15.2.0/../../../../riscv32-wch-elf/lib/rv32imac_zaamo_zalrsc_xw/ilp32/libc_nano.a(libc_a-fini.o)
 .data          0x00000000        0x0 /home/blank/Engineering/MCU/WCH/toolchain/riscv32/bin/../lib/gcc/riscv32-wch-elf/15.2.0/../../../../riscv32-wch-elf/lib/rv32imac_zaamo_zalrsc_xw/ilp32/libc_nano.a(libc_a-memcpy-asm.o)
 .bss           0x00000000        0x0 /home/blank/Engineering/MCU/WCH/toolchain/riscv32/bin/../lib/gcc/riscv32-wch-elf/15.2.0/../../../../riscv32-wch-elf/lib/rv32imac_zaamo_zalrsc_xw/ilp32/libc_nano.a(libc_a-memcpy-asm.o)
 .text          0x00000000        0x0 /home/blank/Engineering/MCU/WCH/toolchain/riscv32/bin/../lib/gcc/riscv32-wch-elf/15.2.0/../../../../riscv32-wch-elf/lib/rv32imac_zaamo_zalrsc_xw/ilp32/libc_nano.a(libc_a-__atexit.o)
 .data          0x00000000        0x0 /home/blank/Engineering/MCU/WCH/toolchain/riscv32/bin/../lib/gcc/riscv32-wch-elf/15.2.0/../../../../riscv32-wch-elf/lib/rv32imac_zaamo_zalrsc_xw/ilp32/libc_nano.a(libc_a-__atexit.o)
 .bss           0x00000000        0x0 /home/blank/Engineering/MCU/WCH/toolchain/riscv32/bin/../lib/gcc/riscv32-wch-elf/15.2.0/../../../../riscv32-wch-elf/lib/rv32imac_zaamo_zalrsc_xw/ilp32/libc_nano.a(libc_a-__atexit.o)
 .sdata.__atexit_dummy
                0x00000000        0x4 /home/blank/Engineering/MCU/WCH/toolchain/riscv32/bin/../lib/gcc/riscv32-wch-elf/15.2.0/../../../../riscv32-wch-elf/lib/rv32imac_zaamo_zalrsc_xw/ilp32/libc_nano.a(libc_a-__atexit.o)
 .text          0x00000000        0x0 /home/blank/Engineering/MCU/WCH/toolchain/riscv32/bin/../lib/gcc/riscv32-wch-elf/15.2.0/../../../../riscv32-wch-elf/lib/rv32imac_zaamo_zalrsc_xw/ilp32/libc_nano.a(libc_a-__call_atexit.o)
 .data          0x00000000        0x0 /home/blank/Engineering/MCU/WCH/toolchain/riscv32/bin/../lib/gcc/riscv32-wch-elf/15.2.0/../../../../riscv32-wch-elf/lib/rv32imac_zaamo_zalrsc_xw/ilp32/libc_nano.a(libc_a-__call_atexit.o)
 .bss           0x00000000        0x0 /home/blank/Engineering/MCU/WCH/toolchain/riscv32/bin/../lib/gcc/riscv32-wch-elf/15.2.0/../../../../riscv32-wch-elf/lib/rv32imac_zaamo_zalrsc_xw/ilp32/libc_nano.a(libc_a-__call_atexit.o)
 .text.__call_exitprocs
                0x00000000       0xc4 /home/blank/Engineering/MCU/WCH/toolchain/riscv32/bin/../lib/gcc/riscv32-wch-elf/15.2.0/../../../../riscv32-wch-elf/lib/rv32imac_zaamo_zalrsc_xw/ilp32/libc_nano.a(libc_a-__call_atexit.o)

Memory Configuration

Name             Origin             Length             Attributes
FLASH            0x00000000         0x00048000         xr
RAM              0x20000000         0x00008000         xrw
*default*        0x00000000         0xffffffff

Linker script and memory map

LOAD CMakeFiles/Programmator.elf.dir/Project/Programmator/main.c.obj
LOAD CMakeFiles/Programmator.elf.dir/Project/Programmator/ssd1306/oled_segment.c.obj
LOAD CMakeFiles/Programmator.elf.dir/Project/Programmator/ssd1306/i2c_tx.c.obj
LOAD libch32_sdk.a
LOAD /home/blank/Engineering/MCU/WCH/toolchain/riscv32/bin/../lib/gcc/riscv32-wch-elf/15.2.0/rv32imac_zaamo_zalrsc_xw/ilp32/libgcc.a
LOAD /home/blank/Engineering/MCU/WCH/toolchain/riscv32/bin/../lib/gcc/riscv32-wch-elf/15.2.0/../../../../riscv32-wch-elf/lib/rv32imac_zaamo_zalrsc_xw/ilp32/libc_nano.a
LOAD /home/blank/Engineering/MCU/WCH/toolchain/riscv32/bin/../lib/gcc/riscv32-wch-elf/15.2.0/rv32imac_zaamo_zalrsc_xw/ilp32/libgcc.a
START GROUP
LOAD /home/blank/Engineering/MCU/WCH/toolchain/riscv32/bin/../lib/gcc/riscv32-wch-elf/15.2.0/rv32imac_zaamo_zalrsc_xw/ilp32/libgcc.a
LOAD /home/blank/Engineering/MCU/WCH/toolchain/riscv32/bin/../lib/gcc/riscv32-wch-elf/15.2.0/../../../../riscv32-wch-elf/lib/rv32imac_zaamo_zalrsc_xw/ilp32/libc_nano.a
LOAD /home/blank/Engineering/MCU/WCH/toolchain/riscv32/bin/../lib/gcc/riscv32-wch-elf/15.2.0/../../../../riscv32-wch-elf/lib/rv32imac_zaamo_zalrsc_xw/ilp32/libnosys.a
END GROUP
START GROUP
LOAD /home/blank/Engineering/MCU/WCH/toolchain/riscv32/bin/../lib/gcc/riscv32-wch-elf/15.2.0/rv32imac_zaamo_zalrsc_xw/ilp32/libgcc.a
LOAD /home/blank/Engineering/MCU/WCH/toolchain/riscv32/bin/../lib/gcc/riscv32-wch-elf/15.2.0/../../../../riscv32-wch-elf/lib/rv32imac_zaamo_zalrsc_xw/ilp32/libc_nano.a
LOAD /home/blank/Engineering/MCU/WCH/toolchain/riscv32/bin/../lib/gcc/riscv32-wch-elf/15.2.0/../../../../riscv32-wch-elf/lib/rv32imac_zaamo_zalrsc_xw/ilp32/libnosys.a
END GROUP
                0x00000800                        __stack_size = 0x800
                [!provide]                        PROVIDE (_stack_size = __stack_size)

.init           0x00000000       0x38
                0x00000000                        _sinit = .
                0x00000000                        . = ALIGN (0x4)
 *(SORT_NONE(.init))
 .init          0x00000000       0x38 libch32_sdk.a(startup_ch32v30x_D8C.S.obj)
                0x00000000                _start
                0x00000038                        . = ALIGN (0x4)
                0x00000038                        _einit = .

.vector         0x00000038      0x1c8
 *(.vector)
 .vector        0x00000038      0x1a0 libch32_sdk.a(startup_ch32v30x_D8C.S.obj)
                0x00000200                        . = ALIGN (0x40)
 *fill*         0x000001d8       0x28 

.text           0x00000200      0xf78
                0x00000200                        . = ALIGN (0x4)
 *(.text)
 .text          0x00000200       0x68 /home/blank/Engineering/MCU/WCH/toolchain/riscv32/bin/../lib/gcc/riscv32-wch-elf/15.2.0/rv32imac_zaamo_zalrsc_xw/ilp32/libgcc.a(save-restore.o)
                0x00000200                __riscv_save_12
                0x00000208                __riscv_save_8
                0x00000208                __riscv_save_11
                0x00000208                __riscv_save_9
                0x00000208                __riscv_save_10
                0x00000218                __riscv_save_7
                0x00000218                __riscv_save_4
                0x00000218                __riscv_save_6
                0x00000218                __riscv_save_5
                0x00000234                __riscv_save_1
                0x00000234                __riscv_save_3
                0x00000234                __riscv_save_2
                0x00000234                __riscv_save_0
                0x00000240                __riscv_restore_12
                0x00000244                __riscv_restore_10
                0x00000244                __riscv_restore_11
                0x00000244                __riscv_restore_8
                0x00000244                __riscv_restore_9
                0x00000250                __riscv_restore_5
                0x00000250                __riscv_restore_6
                0x00000250                __riscv_restore_4
                0x00000250                __riscv_restore_7
                0x0000025c                __riscv_restore_3
                0x0000025c                __riscv_restore_2
                0x0000025c                __riscv_restore_0
                0x0000025c                __riscv_restore_1
 .text          0x00000268       0x16 /home/blank/Engineering/MCU/WCH/toolchain/riscv32/bin/../lib/gcc/riscv32-wch-elf/15.2.0/../../../../riscv32-wch-elf/lib/rv32imac_zaamo_zalrsc_xw/ilp32/libc_nano.a(libc_a-memcpy-asm.o)
                0x00000268                memcpy
 *(.text.*)
 .text.startup.main
                0x0000027e       0x30 CMakeFiles/Programmator.elf.dir/Project/Programmator/main.c.obj
                0x0000027e                main
 .text.OLED_setline
                0x000002ae       0x26 CMakeFiles/Programmator.elf.dir/Project/Programmator/ssd1306/oled_segment.c.obj
                0x000002ae                OLED_setline
 .text.OLED_clearline
                0x000002d4       0x3c CMakeFiles/Programmator.elf.dir/Project/Programmator/ssd1306/oled_segment.c.obj
                0x000002d4                OLED_clearline
 .text.OLED_scrollDisplay
                0x00000310       0x36 CMakeFiles/Programmator.elf.dir/Project/Programmator/ssd1306/oled_segment.c.obj
                0x00000310                OLED_scrollDisplay
 .text.OLED_plotChar
                0x00000346       0x82 CMakeFiles/Programmator.elf.dir/Project/Programmator/ssd1306/oled_segment.c.obj
                0x00000346                OLED_plotChar
 .text.OLED_write
                0x000003c8       0xc2 CMakeFiles/Programmator.elf.dir/Project/Programmator/ssd1306/oled_segment.c.obj
                0x000003c8                OLED_write
 .text.OLED_printS
                0x0000048a       0x1c CMakeFiles/Programmator.elf.dir/Project/Programmator/ssd1306/oled_segment.c.obj
                0x0000048a                OLED_printS
 .text.OLED_print
                0x000004a6        0x4 CMakeFiles/Programmator.elf.dir/Project/Programmator/ssd1306/oled_segment.c.obj
                0x000004a6                OLED_print
 .text.OLED_setpos
                0x000004aa       0x3a CMakeFiles/Programmator.elf.dir/Project/Programmator/ssd1306/oled_segment.c.obj
                0x000004aa                OLED_setpos
 .text.OLED_clear
                0x000004e4       0x34 CMakeFiles/Programmator.elf.dir/Project/Programmator/ssd1306/oled_segment.c.obj
                0x000004e4                OLED_clear
 .text.OLED_init
                0x00000518       0x3a CMakeFiles/Programmator.elf.dir/Project/Programmator/ssd1306/oled_segment.c.obj
                0x00000518                OLED_init
 .text.I2C_init
                0x00000552       0x6a CMakeFiles/Programmator.elf.dir/Project/Programmator/ssd1306/i2c_tx.c.obj
                0x00000552                I2C_init
 .text.I2C_start
                0x000005bc       0x44 CMakeFiles/Programmator.elf.dir/Project/Programmator/ssd1306/i2c_tx.c.obj
                0x000005bc                I2C_start
 .text.I2C_write
                0x00000600       0x14 CMakeFiles/Programmator.elf.dir/Project/Programmator/ssd1306/i2c_tx.c.obj
                0x00000600                I2C_write
 .text.I2C_stop
                0x00000614       0x18 CMakeFiles/Programmator.elf.dir/Project/Programmator/ssd1306/i2c_tx.c.obj
                0x00000614                I2C_stop
 .text.GPIO_Init
                0x0000062c       0xc0 libch32_sdk.a(ch32v30x_gpio.c.obj)
                0x0000062c                GPIO_Init
 .text.GPIO_SetBits
                0x000006ec        0x4 libch32_sdk.a(ch32v30x_gpio.c.obj)
                0x000006ec                GPIO_SetBits
 .text.GPIO_PinRemapConfig
                0x000006f0       0xa8 libch32_sdk.a(ch32v30x_gpio.c.obj)
                0x000006f0                GPIO_PinRemapConfig
 .text.I2C_Init
                0x00000798       0xca libch32_sdk.a(ch32v30x_i2c.c.obj)
                0x00000798                I2C_Init
 .text.I2C_Cmd  0x00000862       0x14 libch32_sdk.a(ch32v30x_i2c.c.obj)
                0x00000862                I2C_Cmd
 .text.RCC_GetClocksFreq
                0x00000876      0x152 libch32_sdk.a(ch32v30x_rcc.c.obj)
                0x00000876                RCC_GetClocksFreq
 .text.RCC_APB2PeriphClockCmd
                0x000009c8       0x18 libch32_sdk.a(ch32v30x_rcc.c.obj)
                0x000009c8                RCC_APB2PeriphClockCmd
 .text.RCC_APB1PeriphClockCmd
                0x000009e0       0x18 libch32_sdk.a(ch32v30x_rcc.c.obj)
                0x000009e0                RCC_APB1PeriphClockCmd
 .text.SystemInit
                0x000009f8       0xf0 libch32_sdk.a(system_ch32v30x.c.obj)
                0x000009f8                SystemInit
 .text.SystemCoreClockUpdate
                0x00000ae8       0xa6 libch32_sdk.a(system_ch32v30x.c.obj)
                0x00000ae8                SystemCoreClockUpdate
 .text.Delay_Init
                0x00000b8e       0x2a libch32_sdk.a(debug.c.obj)
                0x00000b8e                Delay_Init
 .text.USART_Printf_Init
                0x00000bb8       0x58 libch32_sdk.a(debug.c.obj)
                0x00000bb8                USART_Printf_Init
 .text._fini    0x00000c10        0x2 libch32_sdk.a(debug.c.obj)
                0x00000c10                _fini
 .text._init    0x00000c12        0x2 libch32_sdk.a(debug.c.obj)
                0x00000c12                _init
 .text.vector_handler
                0x00000c14       0xbe libch32_sdk.a(startup_ch32v30x_D8C.S.obj)
                0x00000c14                NMI_Handler
                0x00000c16                HardFault_Handler
                0x00000c18                Ecall_M_Mode_Handler
                0x00000c1a                Ecall_U_Mode_Handler
                0x00000c1c                Break_Point_Handler
                0x00000c1e                SysTick_Handler
                0x00000c20                SW_Handler
                0x00000c22                WWDG_IRQHandler
                0x00000c24                PVD_IRQHandler
                0x00000c26                TAMPER_IRQHandler
                0x00000c28                RTC_IRQHandler
                0x00000c2a                FLASH_IRQHandler
                0x00000c2c                RCC_IRQHandler
                0x00000c2e                EXTI0_IRQHandler
                0x00000c30                EXTI1_IRQHandler
                0x00000c32                EXTI2_IRQHandler
                0x00000c34                EXTI3_IRQHandler
                0x00000c36                EXTI4_IRQHandler
                0x00000c38                DMA1_Channel1_IRQHandler
                0x00000c3a                DMA1_Channel2_IRQHandler
                0x00000c3c                DMA1_Channel3_IRQHandler
                0x00000c3e                DMA1_Channel4_IRQHandler
                0x00000c40                DMA1_Channel5_IRQHandler
                0x00000c42                DMA1_Channel6_IRQHandler
                0x00000c44                DMA1_Channel7_IRQHandler
                0x00000c46                ADC1_2_IRQHandler
                0x00000c48                USB_HP_CAN1_TX_IRQHandler
                0x00000c4a                USB_LP_CAN1_RX0_IRQHandler
                0x00000c4c                CAN1_RX1_IRQHandler
                0x00000c4e                CAN1_SCE_IRQHandler
                0x00000c50                EXTI9_5_IRQHandler
                0x00000c52                TIM1_BRK_IRQHandler
                0x00000c54                TIM1_UP_IRQHandler
                0x00000c56                TIM1_TRG_COM_IRQHandler
                0x00000c58                TIM1_CC_IRQHandler
                0x00000c5a                TIM2_IRQHandler
                0x00000c5c                TIM3_IRQHandler
                0x00000c5e                TIM4_IRQHandler
                0x00000c60                I2C1_EV_IRQHandler
                0x00000c62                I2C1_ER_IRQHandler
                0x00000c64                I2C2_EV_IRQHandler
                0x00000c66                I2C2_ER_IRQHandler
                0x00000c68                SPI1_IRQHandler
                0x00000c6a                SPI2_IRQHandler
                0x00000c6c                USART1_IRQHandler
                0x00000c6e                USART2_IRQHandler
                0x00000c70                USART3_IRQHandler
                0x00000c72                EXTI15_10_IRQHandler
                0x00000c74                RTCAlarm_IRQHandler
                0x00000c76                USBWakeUp_IRQHandler
                0x00000c78                TIM8_BRK_IRQHandler
                0x00000c7a                TIM8_UP_IRQHandler
                0x00000c7c                TIM8_TRG_COM_IRQHandler
                0x00000c7e                TIM8_CC_IRQHandler
                0x00000c80                RNG_IRQHandler
                0x00000c82                FSMC_IRQHandler
                0x00000c84                SDIO_IRQHandler
                0x00000c86                TIM5_IRQHandler
                0x00000c88                SPI3_IRQHandler
                0x00000c8a                UART4_IRQHandler
                0x00000c8c                UART5_IRQHandler
                0x00000c8e                TIM6_IRQHandler
                0x00000c90                TIM7_IRQHandler
                0x00000c92                DMA2_Channel1_IRQHandler
                0x00000c94                DMA2_Channel2_IRQHandler
                0x00000c96                DMA2_Channel3_IRQHandler
                0x00000c98                DMA2_Channel4_IRQHandler
                0x00000c9a                DMA2_Channel5_IRQHandler
                0x00000c9c                ETH_IRQHandler
                0x00000c9e                ETH_WKUP_IRQHandler
                0x00000ca0                CAN2_TX_IRQHandler
                0x00000ca2                CAN2_RX0_IRQHandler
                0x00000ca4                CAN2_RX1_IRQHandler
                0x00000ca6                CAN2_SCE_IRQHandler
                0x00000ca8                OTG_FS_IRQHandler
                0x00000caa                USBHSWakeup_IRQHandler
                0x00000cac                USBHS_IRQHandler
                0x00000cae                DVP_IRQHandler
                0x00000cb0                UART6_IRQHandler
                0x00000cb2                UART7_IRQHandler
                0x00000cb4                UART8_IRQHandler
                0x00000cb6                TIM9_BRK_IRQHandler
                0x00000cb8                TIM9_UP_IRQHandler
                0x00000cba                TIM9_TRG_COM_IRQHandler
                0x00000cbc                TIM9_CC_IRQHandler
                0x00000cbe                TIM10_BRK_IRQHandler
                0x00000cc0                TIM10_UP_IRQHandler
                0x00000cc2                TIM10_TRG_COM_IRQHandler
                0x00000cc4                TIM10_CC_IRQHandler
                0x00000cc6                DMA2_Channel6_IRQHandler
                0x00000cc8                DMA2_Channel7_IRQHandler
                0x00000cca                DMA2_Channel8_IRQHandler
                0x00000ccc                DMA2_Channel9_IRQHandler
                0x00000cce                DMA2_Channel10_IRQHandler
                0x00000cd0                DMA2_Channel11_IRQHandler
 .text.handle_reset
                0x00000cd2       0x9c libch32_sdk.a(startup_ch32v30x_D8C.S.obj)
                0x00000cd2                handle_reset
 .text.USART_Init
                0x00000d6e       0xac libch32_sdk.a(ch32v30x_usart.c.obj)
                0x00000d6e                USART_Init
 .text.USART_Cmd
                0x00000e1a       0x14 libch32_sdk.a(ch32v30x_usart.c.obj)
                0x00000e1a                USART_Cmd
 .text.atexit   0x00000e2e        0xa /home/blank/Engineering/MCU/WCH/toolchain/riscv32/bin/../lib/gcc/riscv32-wch-elf/15.2.0/../../../../riscv32-wch-elf/lib/rv32imac_zaamo_zalrsc_xw/ilp32/libc_nano.a(libc_a-atexit.o)
                0x00000e2e                atexit
 .text.__libc_init_array
                0x00000e38       0x56 /home/blank/Engineering/MCU/WCH/toolchain/riscv32/bin/../lib/gcc/riscv32-wch-elf/15.2.0/../../../../riscv32-wch-elf/lib/rv32imac_zaamo_zalrsc_xw/ilp32/libc_nano.a(libc_a-init.o)
                0x00000e38                __libc_init_array
 .text.__libc_fini_array
                0x00000e8e       0x32 /home/blank/Engineering/MCU/WCH/toolchain/riscv32/bin/../lib/gcc/riscv32-wch-elf/15.2.0/../../../../riscv32-wch-elf/lib/rv32imac_zaamo_zalrsc_xw/ilp32/libc_nano.a(libc_a-fini.o)
                0x00000e8e                __libc_fini_array
 .text.__register_exitproc
                0x00000ec0       0x74 /home/blank/Engineering/MCU/WCH/toolchain/riscv32/bin/../lib/gcc/riscv32-wch-elf/15.2.0/../../../../riscv32-wch-elf/lib/rv32imac_zaamo_zalrsc_xw/ilp32/libc_nano.a(libc_a-__atexit.o)
                0x00000ec0                __register_exitproc
 *(.rodata)
 *fill*         0x00000f34        0x0 
 .rodata        0x00000f34       0x1c CMakeFiles/Programmator.elf.dir/Project/Programmator/ssd1306/i2c_tx.c.obj
 *(.rodata*)
 .rodata.main.str1.4
                0x00000f50        0x7 CMakeFiles/Programmator.elf.dir/Project/Programmator/main.c.obj
 *fill*         0x00000f57        0x1 
 .rodata.ssd1306_init_sequence
                0x00000f58       0x20 CMakeFiles/Programmator.elf.dir/Project/Programmator/ssd1306/oled_segment.c.obj
                0x00000f58                ssd1306_init_sequence
 .rodata.font5x8
                0x00000f78      0x1e0 CMakeFiles/Programmator.elf.dir/Project/Programmator/ssd1306/oled_segment.c.obj
 .rodata.APBAHBPrescTable
                0x00001158       0x10 libch32_sdk.a(ch32v30x_rcc.c.obj)
 .rodata.AHBPrescTable
                0x00001168       0x10 libch32_sdk.a(system_ch32v30x.c.obj)
                0x00001168                AHBPrescTable
 *(.gnu.linkonce.t.*)
                0x00001178                        . = ALIGN (0x4)

.rela.dyn       0x00001178        0x0
 .rela.init     0x00001178        0x0 CMakeFiles/Programmator.elf.dir/Project/Programmator/main.c.obj
 .rela.vector   0x00001178        0x0 CMakeFiles/Programmator.elf.dir/Project/Programmator/main.c.obj
 .rela.text.handle_reset
                0x00001178        0x0 CMakeFiles/Programmator.elf.dir/Project/Programmator/main.c.obj
 .rela.text.__libc_init_array
                0x00001178        0x0 CMakeFiles/Programmator.elf.dir/Project/Programmator/main.c.obj
 .rela.text.__libc_fini_array
                0x00001178        0x0 CMakeFiles/Programmator.elf.dir/Project/Programmator/main.c.obj
 .rela.text.__register_exitproc
                0x00001178        0x0 CMakeFiles/Programmator.elf.dir/Project/Programmator/main.c.obj

.fini           0x00001178        0x0
 *(SORT_NONE(.fini))
                0x00001178                        . = ALIGN (0x4)
                [!provide]                        PROVIDE (_etext = .)
                [!provide]                        PROVIDE (_eitcm = .)

.preinit_array  0x00001178        0x0
                0x00001178                        PROVIDE (__preinit_array_start = .)
 *(.preinit_array)
                0x00001178                        PROVIDE (__preinit_array_end = .)

.init_array     0x00001178        0x0
                0x00001178                        PROVIDE (__init_array_start = .)
 *(SORT_BY_INIT_PRIORITY(.init_array.*) SORT_BY_INIT_PRIORITY(.ctors.*))
 *(.init_array EXCLUDE_FILE(*crtend?.o *crtend.o *crtbegin?.o *crtbegin.o) .ctors)
                0x00001178                        PROVIDE (__init_array_end = .)

.fini_array     0x00001178        0x0
                0x00001178                        PROVIDE (__fini_array_start = .)
 *(SORT_BY_INIT_PRIORITY(.fini_array.*) SORT_BY_INIT_PRIORITY(.dtors.*))
 *(.fini_array EXCLUDE_FILE(*crtend?.o *crtend.o *crtbegin?.o *crtbegin.o) .dtors)
                0x00001178                        PROVIDE (__fini_array_end = .)

.ctors
 *crtbegin.o(.ctors)
 *crtbegin?.o(.ctors)
 *(EXCLUDE_FILE(*crtend?.o *crtend.o) .ctors)
 *(SORT_BY_NAME(.ctors.*))
 *(.ctors)

.dtors
 *crtbegin.o(.dtors)
 *crtbegin?.o(.dtors)
 *(EXCLUDE_FILE(*crtend?.o *crtend.o) .dtors)
 *(SORT_BY_NAME(.dtors.*))
 *(.dtors)

.dalign         0x20000000        0x0 load address 0x00001178
                0x20000000                        . = ALIGN (0x4)
                0x20000000                        PROVIDE (_data_vma = .)

.dlalign        0x00001178        0x0
                0x00001178                        . = ALIGN (0x4)
                0x00001178                        PROVIDE (_data_lma = .)

.data           0x20000000        0xc load address 0x00001178
 *(.gnu.linkonce.r.*)
 *(.data .data.*)
 *(.gnu.linkonce.d.*)
                0x20000000                        . = ALIGN (0x8)
                0x20000800                        PROVIDE (__global_pointer$ = (. + 0x800))
 *(.sdata .sdata.*)
 .sdata.SystemCoreClock
                0x20000000        0x4 libch32_sdk.a(system_ch32v30x.c.obj)
                0x20000000                SystemCoreClock
 *(.sdata2.*)
 *(.gnu.linkonce.s.*)
                0x20000008                        . = ALIGN (0x8)
 *fill*         0x20000004        0x4 
 *(.srodata.cst16)
 *(.srodata.cst8)
 *(.srodata.cst4)
 *(.srodata.cst2)
 *(.srodata .srodata.*)
 .srodata.ADCPrescTable
                0x20000008        0x4 libch32_sdk.a(ch32v30x_rcc.c.obj)
                0x2000000c                        . = ALIGN (0x4)
                0x2000000c                        PROVIDE (_edata = .)

.bss            0x2000000c      0x49c load address 0x00001184
                0x2000000c                        . = ALIGN (0x4)
                0x2000000c                        PROVIDE (_sbss = .)
 *(.sbss*)
 .sbss.cursorY  0x2000000c        0x1 CMakeFiles/Programmator.elf.dir/Project/Programmator/ssd1306/oled_segment.c.obj
                0x2000000c                cursorY
 .sbss.cursorX  0x2000000d        0x1 CMakeFiles/Programmator.elf.dir/Project/Programmator/ssd1306/oled_segment.c.obj
                0x2000000d                cursorX
 .sbss.scroll   0x2000000e        0x1 CMakeFiles/Programmator.elf.dir/Project/Programmator/ssd1306/oled_segment.c.obj
                0x2000000e                scroll
 .sbss.column   0x2000000f        0x1 CMakeFiles/Programmator.elf.dir/Project/Programmator/ssd1306/oled_segment.c.obj
                0x2000000f                column
 .sbss.line     0x20000010        0x1 CMakeFiles/Programmator.elf.dir/Project/Programmator/ssd1306/oled_segment.c.obj
                0x20000010                line
 *fill*         0x20000011        0x1 
 .sbss.p_ms     0x20000012        0x2 libch32_sdk.a(debug.c.obj)
 .sbss.p_us     0x20000014        0x1 libch32_sdk.a(debug.c.obj)
 *fill*         0x20000015        0x3 
 .sbss.__atexit
                0x20000018        0x4 /home/blank/Engineering/MCU/WCH/toolchain/riscv32/bin/../lib/gcc/riscv32-wch-elf/15.2.0/../../../../riscv32-wch-elf/lib/rv32imac_zaamo_zalrsc_xw/ilp32/libc_nano.a(libc_a-__call_atexit.o)
                0x20000018                __atexit
 *(.gnu.linkonce.sb.*)
 *(.bss*)
 .bss.SSD1306_Buffer
                0x2000001c      0x400 CMakeFiles/Programmator.elf.dir/Project/Programmator/ssd1306/oled_segment.c.obj
 .bss.__atexit0
                0x2000041c       0x8c /home/blank/Engineering/MCU/WCH/toolchain/riscv32/bin/../lib/gcc/riscv32-wch-elf/15.2.0/../../../../riscv32-wch-elf/lib/rv32imac_zaamo_zalrsc_xw/ilp32/libc_nano.a(libc_a-__atexit.o)
                0x2000041c                __atexit0
 *(.gnu.linkonce.b.*)
 *(COMMON*)
                0x200004a8                        . = ALIGN (0x4)
                0x200004a8                        PROVIDE (_ebss = .)
                0x200004a8                        PROVIDE (_end = _ebss)
                [!provide]                        PROVIDE (end = .)

.stack          0x20007800      0x800
                0x20007800                        PROVIDE (_heap_end = .)
                0x20007800                        . = ALIGN (0x4)
                [!provide]                        PROVIDE (_susrstack = .)
                0x20008000                        . = (. + __stack_size)
 *fill*         0x20007800      0x800 
                0x20008000                        PROVIDE (_eusrstack = .)
OUTPUT(Programmator.elf elf32-littleriscv)

.debug_info     0x00000000     0x5591
 .debug_info    0x00000000      0x900 CMakeFiles/Programmator.elf.dir/Project/Programmator/main.c.obj
 .debug_info    0x00000900     0x1020 CMakeFiles/Programmator.elf.dir/Project/Programmator/ssd1306/oled_segment.c.obj
 .debug_info    0x00001920      0x5ad CMakeFiles/Programmator.elf.dir/Project/Programmator/ssd1306/i2c_tx.c.obj
 .debug_info    0x00001ecd      0x7e3 libch32_sdk.a(ch32v30x_gpio.c.obj)
 .debug_info    0x000026b0      0xbb7 libch32_sdk.a(ch32v30x_i2c.c.obj)
 .debug_info    0x00003267      0xc88 libch32_sdk.a(ch32v30x_rcc.c.obj)
 .debug_info    0x00003eef      0x2ce libch32_sdk.a(system_ch32v30x.c.obj)
 .debug_info    0x000041bd      0x6ee libch32_sdk.a(debug.c.obj)
 .debug_info    0x000048ab       0x23 libch32_sdk.a(startup_ch32v30x_D8C.S.obj)
 .debug_info    0x000048ce      0xb64 libch32_sdk.a(ch32v30x_usart.c.obj)
 .debug_info    0x00005432      0x15f /home/blank/Engineering/MCU/WCH/toolchain/riscv32/bin/../lib/gcc/riscv32-wch-elf/15.2.0/rv32imac_zaamo_zalrsc_xw/ilp32/libgcc.a(save-restore.o)

.debug_abbrev   0x00000000     0x12fd
 .debug_abbrev  0x00000000       0xec CMakeFiles/Programmator.elf.dir/Project/Programmator/main.c.obj
 .debug_abbrev  0x000000ec      0x2b5 CMakeFiles/Programmator.elf.dir/Project/Programmator/ssd1306/oled_segment.c.obj
 .debug_abbrev  0x000003a1      0x1a3 CMakeFiles/Programmator.elf.dir/Project/Programmator/ssd1306/i2c_tx.c.obj
 .debug_abbrev  0x00000544      0x23d libch32_sdk.a(ch32v30x_gpio.c.obj)
 .debug_abbrev  0x00000781      0x2a1 libch32_sdk.a(ch32v30x_i2c.c.obj)
 .debug_abbrev  0x00000a22      0x266 libch32_sdk.a(ch32v30x_rcc.c.obj)
 .debug_abbrev  0x00000c88      0x1a1 libch32_sdk.a(system_ch32v30x.c.obj)
 .debug_abbrev  0x00000e29      0x27e libch32_sdk.a(debug.c.obj)
 .debug_abbrev  0x000010a7       0x12 libch32_sdk.a(startup_ch32v30x_D8C.S.obj)
 .debug_abbrev  0x000010b9      0x21c libch32_sdk.a(ch32v30x_usart.c.obj)
 .debug_abbrev  0x000012d5       0x28 /home/blank/Engineering/MCU/WCH/toolchain/riscv32/bin/../lib/gcc/riscv32-wch-elf/15.2.0/rv32imac_zaamo_zalrsc_xw/ilp32/libgcc.a(save-restore.o)

.debug_aranges  0x00000000      0x670
 .debug_aranges
                0x00000000       0x20 CMakeFiles/Programmator.elf.dir/Project/Programmator/main.c.obj
 .debug_aranges
                0x00000020       0xd8 CMakeFiles/Programmator.elf.dir/Project/Programmator/ssd1306/oled_segment.c.obj
 .debug_aranges
                0x000000f8       0x38 CMakeFiles/Programmator.elf.dir/Project/Programmator/ssd1306/i2c_tx.c.obj
 .debug_aranges
                0x00000130       0xa8 libch32_sdk.a(ch32v30x_gpio.c.obj)
 .debug_aranges
                0x000001d8      0x120 libch32_sdk.a(ch32v30x_i2c.c.obj)
 .debug_aranges
                0x000002f8      0x1a8 libch32_sdk.a(ch32v30x_rcc.c.obj)
 .debug_aranges
                0x000004a0       0x28 libch32_sdk.a(system_ch32v30x.c.obj)
 .debug_aranges
                0x000004c8       0x58 libch32_sdk.a(debug.c.obj)
 .debug_aranges
                0x00000520       0x30 libch32_sdk.a(startup_ch32v30x_D8C.S.obj)
 .debug_aranges
                0x00000550      0x100 libch32_sdk.a(ch32v30x_usart.c.obj)
 .debug_aranges
                0x00000650       0x20 /home/blank/Engineering/MCU/WCH/toolchain/riscv32/bin/../lib/gcc/riscv32-wch-elf/15.2.0/rv32imac_zaamo_zalrsc_xw/ilp32/libgcc.a(save-restore.o)

.debug_rnglists
                0x00000000      0x523
 .debug_rnglists
                0x00000000       0x13 CMakeFiles/Programmator.elf.dir/Project/Programmator/main.c.obj
 .debug_rnglists
                0x00000013      0x118 CMakeFiles/Programmator.elf.dir/Project/Programmator/ssd1306/oled_segment.c.obj
 .debug_rnglists
                0x0000012b       0x26 CMakeFiles/Programmator.elf.dir/Project/Programmator/ssd1306/i2c_tx.c.obj
 .debug_rnglists
                0x00000151       0x7c libch32_sdk.a(ch32v30x_gpio.c.obj)
 .debug_rnglists
                0x000001cd       0xd4 libch32_sdk.a(ch32v30x_i2c.c.obj)
 .debug_rnglists
                0x000002a1      0x13a libch32_sdk.a(ch32v30x_rcc.c.obj)
 .debug_rnglists
                0x000003db       0x2d libch32_sdk.a(system_ch32v30x.c.obj)
 .debug_rnglists
                0x00000408       0x3d libch32_sdk.a(debug.c.obj)
 .debug_rnglists
                0x00000445       0x21 libch32_sdk.a(startup_ch32v30x_D8C.S.obj)
 .debug_rnglists
                0x00000466       0xbd libch32_sdk.a(ch32v30x_usart.c.obj)

.debug_line     0x00000000     0x5b1d
 .debug_line    0x00000000       0xc3 CMakeFiles/Programmator.elf.dir/Project/Programmator/main.c.obj
 .debug_line    0x000000c3     0x10d8 CMakeFiles/Programmator.elf.dir/Project/Programmator/ssd1306/oled_segment.c.obj
 .debug_line    0x0000119b      0x24c CMakeFiles/Programmator.elf.dir/Project/Programmator/ssd1306/i2c_tx.c.obj
 .debug_line    0x000013e7      0x9be libch32_sdk.a(ch32v30x_gpio.c.obj)
 .debug_line    0x00001da5      0xd5d libch32_sdk.a(ch32v30x_i2c.c.obj)
 .debug_line    0x00002b02     0x1544 libch32_sdk.a(ch32v30x_rcc.c.obj)
 .debug_line    0x00004046      0x4d2 libch32_sdk.a(system_ch32v30x.c.obj)
 .debug_line    0x00004518      0x481 libch32_sdk.a(debug.c.obj)
 .debug_line    0x00004999      0x360 libch32_sdk.a(startup_ch32v30x_D8C.S.obj)
 .debug_line    0x00004cf9      0xcc5 libch32_sdk.a(ch32v30x_usart.c.obj)
 .debug_line    0x000059be      0x15f /home/blank/Engineering/MCU/WCH/toolchain/riscv32/bin/../lib/gcc/riscv32-wch-elf/15.2.0/rv32imac_zaamo_zalrsc_xw/ilp32/libgcc.a(save-restore.o)

.debug_str      0x00000000     0x1991
 .debug_str     0x00000000     0x1991 CMakeFiles/Programmator.elf.dir/Project/Programmator/main.c.obj
                                0x216 (size before relaxing)
 .debug_str     0x00001991        0x0 CMakeFiles/Programmator.elf.dir/Project/Programmator/ssd1306/oled_segment.c.obj
                                0x3dd (size before relaxing)
 .debug_str     0x00001991        0x0 CMakeFiles/Programmator.elf.dir/Project/Programmator/ssd1306/i2c_tx.c.obj
                                0x4ac (size before relaxing)
 .debug_str     0x00001991        0x0 libch32_sdk.a(ch32v30x_gpio.c.obj)
                                0x54a (size before relaxing)
 .debug_str     0x00001991        0x0 libch32_sdk.a(ch32v30x_i2c.c.obj)
                                0x6ba (size before relaxing)
 .debug_str     0x00001991        0x0 libch32_sdk.a(ch32v30x_rcc.c.obj)
                                0x8a4 (size before relaxing)
 .debug_str     0x00001991        0x0 libch32_sdk.a(system_ch32v30x.c.obj)
                                0x2bd (size before relaxing)
 .debug_str     0x00001991        0x0 libch32_sdk.a(debug.c.obj)
                                0x527 (size before relaxing)
 .debug_str     0x00001991        0x0 libch32_sdk.a(startup_ch32v30x_D8C.S.obj)
                                 0x94 (size before relaxing)
 .debug_str     0x00001991        0x0 libch32_sdk.a(ch32v30x_usart.c.obj)
                                0x6ef (size before relaxing)
 .debug_str     0x00001991        0x0 /home/blank/Engineering/MCU/WCH/toolchain/riscv32/bin/../lib/gcc/riscv32-wch-elf/15.2.0/rv32imac_zaamo_zalrsc_xw/ilp32/libgcc.a(save-restore.o)
                                0x263 (size before relaxing)

.debug_line_str
                0x00000000      0x5e7
 .debug_line_str
                0x00000000      0x5e7 CMakeFiles/Programmator.elf.dir/Project/Programmator/main.c.obj
                                0x242 (size before relaxing)
 .debug_line_str
                0x000005e7        0x0 CMakeFiles/Programmator.elf.dir/Project/Programmator/ssd1306/oled_segment.c.obj
                                0x1c6 (size before relaxing)
 .debug_line_str
                0x000005e7        0x0 CMakeFiles/Programmator.elf.dir/Project/Programmator/ssd1306/i2c_tx.c.obj
                                0x21b (size before relaxing)
 .debug_line_str
                0x000005e7        0x0 libch32_sdk.a(ch32v30x_gpio.c.obj)
                                0x1dd (size before relaxing)
 .debug_line_str
                0x000005e7        0x0 libch32_sdk.a(ch32v30x_i2c.c.obj)
                                0x1da (size before relaxing)
 .debug_line_str
                0x000005e7        0x0 libch32_sdk.a(ch32v30x_rcc.c.obj)
                                0x1cb (size before relaxing)
 .debug_line_str
                0x000005e7        0x0 libch32_sdk.a(system_ch32v30x.c.obj)
                                0x1d4 (size before relaxing)
 .debug_line_str
                0x000005e7        0x0 libch32_sdk.a(debug.c.obj)
                                0x252 (size before relaxing)
 .debug_line_str
                0x000005e7        0x0 libch32_sdk.a(startup_ch32v30x_D8C.S.obj)
                                 0x88 (size before relaxing)
 .debug_line_str
                0x000005e7        0x0 libch32_sdk.a(ch32v30x_usart.c.obj)
                                0x1e0 (size before relaxing)
 .debug_line_str
                0x000005e7        0x0 /home/blank/Engineering/MCU/WCH/toolchain/riscv32/bin/../lib/gcc/riscv32-wch-elf/15.2.0/rv32imac_zaamo_zalrsc_xw/ilp32/libgcc.a(save-restore.o)
                                 0xa4 (size before relaxing)

.comment        0x00000000       0x31
 .comment       0x00000000       0x31 CMakeFiles/Programmator.elf.dir/Project/Programmator/main.c.obj
                                 0x20 (size before relaxing)
 .comment       0x00000031        0x0 CMakeFiles/Programmator.elf.dir/Project/Programmator/ssd1306/oled_segment.c.obj
                                 0x20 (size before relaxing)
 .comment       0x00000031        0x0 CMakeFiles/Programmator.elf.dir/Project/Programmator/ssd1306/i2c_tx.c.obj
                                 0x20 (size before relaxing)
 .comment       0x00000031        0x0 libch32_sdk.a(ch32v30x_gpio.c.obj)
                                 0x20 (size before relaxing)
 .comment       0x00000031        0x0 libch32_sdk.a(ch32v30x_i2c.c.obj)
                                 0x20 (size before relaxing)
 .comment       0x00000031        0x0 libch32_sdk.a(ch32v30x_rcc.c.obj)
                                 0x20 (size before relaxing)
 .comment       0x00000031        0x0 libch32_sdk.a(system_ch32v30x.c.obj)
                                 0x20 (size before relaxing)
 .comment       0x00000031        0x0 libch32_sdk.a(debug.c.obj)
                                 0x20 (size before relaxing)
 .comment       0x00000031        0x0 libch32_sdk.a(ch32v30x_usart.c.obj)
                                 0x20 (size before relaxing)
 .comment       0x00000031        0x0 /home/blank/Engineering/MCU/WCH/toolchain/riscv32/bin/../lib/gcc/riscv32-wch-elf/15.2.0/../../../../riscv32-wch-elf/lib/rv32imac_zaamo_zalrsc_xw/ilp32/libc_nano.a(libc_a-atexit.o)
                                 0x13 (size before relaxing)
 .comment       0x00000031        0x0 /home/blank/Engineering/MCU/WCH/toolchain/riscv32/bin/../lib/gcc/riscv32-wch-elf/15.2.0/../../../../riscv32-wch-elf/lib/rv32imac_zaamo_zalrsc_xw/ilp32/libc_nano.a(libc_a-init.o)
                                 0x13 (size before relaxing)
 .comment       0x00000031        0x0 /home/blank/Engineering/MCU/WCH/toolchain/riscv32/bin/../lib/gcc/riscv32-wch-elf/15.2.0/../../../../riscv32-wch-elf/lib/rv32imac_zaamo_zalrsc_xw/ilp32/libc_nano.a(libc_a-fini.o)
                                 0x13 (size before relaxing)
 .comment       0x00000031        0x0 /home/blank/Engineering/MCU/WCH/toolchain/riscv32/bin/../lib/gcc/riscv32-wch-elf/15.2.0/../../../../riscv32-wch-elf/lib/rv32imac_zaamo_zalrsc_xw/ilp32/libc_nano.a(libc_a-__atexit.o)
                                 0x13 (size before relaxing)
 .comment       0x00000031        0x0 /home/blank/Engineering/MCU/WCH/toolchain/riscv32/bin/../lib/gcc/riscv32-wch-elf/15.2.0/../../../../riscv32-wch-elf/lib/rv32imac_zaamo_zalrsc_xw/ilp32/libc_nano.a(libc_a-__call_atexit.o)
                                 0x13 (size before relaxing)

.note.GNU-stack
                0x00000000        0x0
 .note.GNU-stack
                0x00000000        0x0 CMakeFiles/Programmator.elf.dir/Project/Programmator/main.c.obj
 .note.GNU-stack
                0x00000000        0x0 CMakeFiles/Programmator.elf.dir/Project/Programmator/ssd1306/oled_segment.c.obj
 .note.GNU-stack
                0x00000000        0x0 CMakeFiles/Programmator.elf.dir/Project/Programmator/ssd1306/i2c_tx.c.obj
 .note.GNU-stack
                0x00000000        0x0 libch32_sdk.a(ch32v30x_gpio.c.obj)
 .note.GNU-stack
                0x00000000        0x0 libch32_sdk.a(ch32v30x_i2c.c.obj)
 .note.GNU-stack
                0x00000000        0x0 libch32_sdk.a(ch32v30x_rcc.c.obj)
 .note.GNU-stack
                0x00000000        0x0 libch32_sdk.a(system_ch32v30x.c.obj)
 .note.GNU-stack
                0x00000000        0x0 libch32_sdk.a(debug.c.obj)
 .note.GNU-stack
                0x00000000        0x0 libch32_sdk.a(ch32v30x_usart.c.obj)
 .note.GNU-stack
                0x00000000        0x0 /home/blank/Engineering/MCU/WCH/toolchain/riscv32/bin/../lib/gcc/riscv32-wch-elf/15.2.0/../../../../riscv32-wch-elf/lib/rv32imac_zaamo_zalrsc_xw/ilp32/libc_nano.a(libc_a-atexit.o)
 .note.GNU-stack
                0x00000000        0x0 /home/blank/Engineering/MCU/WCH/toolchain/riscv32/bin/../lib/gcc/riscv32-wch-elf/15.2.0/../../../../riscv32-wch-elf/lib/rv32imac_zaamo_zalrsc_xw/ilp32/libc_nano.a(libc_a-init.o)
 .note.GNU-stack
                0x00000000        0x0 /home/blank/Engineering/MCU/WCH/toolchain/riscv32/bin/../lib/gcc/riscv32-wch-elf/15.2.0/../../../../riscv32-wch-elf/lib/rv32imac_zaamo_zalrsc_xw/ilp32/libc_nano.a(libc_a-fini.o)
 .note.GNU-stack
                0x00000000        0x0 /home/blank/Engineering/MCU/WCH/toolchain/riscv32/bin/../lib/gcc/riscv32-wch-elf/15.2.0/../../../../riscv32-wch-elf/lib/rv32imac_zaamo_zalrsc_xw/ilp32/libc_nano.a(libc_a-__atexit.o)
 .note.GNU-stack
                0x00000000        0x0 /home/blank/Engineering/MCU/WCH/toolchain/riscv32/bin/../lib/gcc/riscv32-wch-elf/15.2.0/../../../../riscv32-wch-elf/lib/rv32imac_zaamo_zalrsc_xw/ilp32/libc_nano.a(libc_a-__call_atexit.o)

.riscv.attributes
                0x00000000       0x54
 .riscv.attributes
                0x00000000       0x54 CMakeFiles/Programmator.elf.dir/Project/Programmator/main.c.obj
 .riscv.attributes
                0x00000054       0x54 CMakeFiles/Programmator.elf.dir/Project/Programmator/ssd1306/oled_segment.c.obj
 .riscv.attributes
                0x000000a8       0x54 CMakeFiles/Programmator.elf.dir/Project/Programmator/ssd1306/i2c_tx.c.obj
 .riscv.attributes
                0x000000fc       0x54 libch32_sdk.a(ch32v30x_gpio.c.obj)
 .riscv.attributes
                0x00000150       0x54 libch32_sdk.a(ch32v30x_i2c.c.obj)
 .riscv.attributes
                0x000001a4       0x54 libch32_sdk.a(ch32v30x_rcc.c.obj)
 .riscv.attributes
                0x000001f8       0x54 libch32_sdk.a(system_ch32v30x.c.obj)
 .riscv.attributes
                0x0000024c       0x54 libch32_sdk.a(debug.c.obj)
 .riscv.attributes
                0x000002a0       0x54 libch32_sdk.a(ch32v30x_usart.c.obj)
 .riscv.attributes
                0x000002f4       0x54 /home/blank/Engineering/MCU/WCH/toolchain/riscv32/bin/../lib/gcc/riscv32-wch-elf/15.2.0/../../../../riscv32-wch-elf/lib/rv32imac_zaamo_zalrsc_xw/ilp32/libc_nano.a(libc_a-atexit.o)
 .riscv.attributes
                0x00000348       0x54 /home/blank/Engineering/MCU/WCH/toolchain/riscv32/bin/../lib/gcc/riscv32-wch-elf/15.2.0/../../../../riscv32-wch-elf/lib/rv32imac_zaamo_zalrsc_xw/ilp32/libc_nano.a(libc_a-init.o)
 .riscv.attributes
                0x0000039c       0x54 /home/blank/Engineering/MCU/WCH/toolchain/riscv32/bin/../lib/gcc/riscv32-wch-elf/15.2.0/../../../../riscv32-wch-elf/lib/rv32imac_zaamo_zalrsc_xw/ilp32/libc_nano.a(libc_a-fini.o)
 .riscv.attributes
                0x000003f0       0x54 /home/blank/Engineering/MCU/WCH/toolchain/riscv32/bin/../lib/gcc/riscv32-wch-elf/15.2.0/../../../../riscv32-wch-elf/lib/rv32imac_zaamo_zalrsc_xw/ilp32/libc_nano.a(libc_a-__atexit.o)
 .riscv.attributes
                0x00000444       0x54 /home/blank/Engineering/MCU/WCH/toolchain/riscv32/bin/../lib/gcc/riscv32-wch-elf/15.2.0/../../../../riscv32-wch-elf/lib/rv32imac_zaamo_zalrsc_xw/ilp32/libc_nano.a(libc_a-__call_atexit.o)

.debug_frame    0x00000000      0xdd0
 .debug_frame   0x00000000       0x2c CMakeFiles/Programmator.elf.dir/Project/Programmator/main.c.obj
 .debug_frame   0x0000002c      0x368 CMakeFiles/Programmator.elf.dir/Project/Programmator/ssd1306/oled_segment.c.obj
 .debug_frame   0x00000394       0x64 CMakeFiles/Programmator.elf.dir/Project/Programmator/ssd1306/i2c_tx.c.obj
 .debug_frame   0x000003f8      0x148 libch32_sdk.a(ch32v30x_gpio.c.obj)
 .debug_frame   0x00000540      0x258 libch32_sdk.a(ch32v30x_i2c.c.obj)
 .debug_frame   0x00000798      0x340 libch32_sdk.a(ch32v30x_rcc.c.obj)
 .debug_frame   0x00000ad8       0x3c libch32_sdk.a(system_ch32v30x.c.obj)
 .debug_frame   0x00000b14       0xb8 libch32_sdk.a(debug.c.obj)
 .debug_frame   0x00000bcc      0x204 libch32_sdk.a(ch32v30x_usart.c.obj)

.debug_loclists
                0x00000000     0x2108
 .debug_loclists
                0x00000000      0x783 CMakeFiles/Programmator.elf.dir/Project/Programmator/ssd1306/oled_segment.c.obj
 .debug_loclists
                0x00000783      0x4c8 libch32_sdk.a(ch32v30x_gpio.c.obj)
 .debug_loclists
                0x00000c4b      0x60b libch32_sdk.a(ch32v30x_i2c.c.obj)
 .debug_loclists
                0x00001256      0x6cf libch32_sdk.a(ch32v30x_rcc.c.obj)
 .debug_loclists
                0x00001925       0xaf libch32_sdk.a(system_ch32v30x.c.obj)
 .debug_loclists
                0x000019d4       0xef libch32_sdk.a(debug.c.obj)
 .debug_loclists
                0x00001ac3      0x645 libch32_sdk.a(ch32v30x_usart.c.obj)
